../Core/Src/airbrakes.c:62:21:clampf	24	static
../Core/Src/airbrakes.c:69:7:get_CdA	72	static
../Core/Src/airbrakes.c:111:7:get_mach_number	24	static
../Core/Src/airbrakes.c:116:7:get_mag2	16	static
../Core/Src/airbrakes.c:120:7:get_mag3	24	static
../Core/Src/airbrakes.c:124:7:predict_apogee	88	static
../Core/Src/airbrakes.c:165:6:set_optimal_deployment	48	static
../Core/Src/airbrakes.c:199:6:init_airbrakes_servo	8	static
../Core/Src/airbrakes.c:204:6:set_airbrakes_servo_angle	24	static
../Core/Src/airbrakes.c:216:6:set_airbrakes_deployment_level	16	static
