../Core/Src/main.c:92:6:DWT_Init	1
../Core/Src/main.c:99:10:micros	1
../Core/Src/main.c:105:6:Success_Pattern	3
../Core/Src/main.c:130:6:Error_Pattern	1
../Core/Src/main.c:157:5:main	2
../Core/Src/main.c:267:6:SystemClock_Config	4
../Core/Src/main.c:328:13:MX_SPI1_Init	2
../Core/Src/main.c:376:13:MX_UART4_Init	5
../Core/Src/main.c:424:13:MX_UART8_Init	5
../Core/Src/main.c:472:13:MX_USART3_UART_Init	5
../Core/Src/main.c:520:13:MX_USB_OTG_FS_PCD_Init	2
../Core/Src/main.c:556:13:MX_GPIO_Init	1
../Core/Src/main.c:637:6:MPU_Config	1
../Core/Src/main.c:668:6:Error_Handler	1
