../Core/Src/main.c:112:6:DWT_Init	1
../Core/Src/main.c:119:10:micros	2
../Core/Src/main.c:138:6:Success_Pattern	3
../Core/Src/main.c:163:6:Error_Pattern	1
../Core/Src/main.c:190:5:main	8
../Core/Src/main.c:363:6:SystemClock_Config	4
../Core/Src/main.c:426:13:MX_ADC1_Init	4
../Core/Src/main.c:495:13:MX_SPI1_Init	2
../Core/Src/main.c:543:13:MX_TIM3_Init	7
../Core/Src/main.c:606:13:MX_TIM4_Init	6
../Core/Src/main.c:665:13:MX_UART4_Init	5
../Core/Src/main.c:713:13:MX_UART8_Init	5
../Core/Src/main.c:761:13:MX_USART3_UART_Init	5
../Core/Src/main.c:809:13:MX_USB_OTG_FS_PCD_Init	2
../Core/Src/main.c:845:13:MX_GPIO_Init	1
../Core/Src/main.c:929:6:MPU_Config	1
../Core/Src/main.c:960:6:Error_Handler	1
