../Core/Src/main.c:112:6:DWT_Init	4	static
../Core/Src/main.c:119:10:micros	64	static
../Core/Src/main.c:138:6:Success_Pattern	16	static
../Core/Src/main.c:163:6:Error_Pattern	8	static
../Core/Src/main.c:193:5:main	32	static
../Core/Src/main.c:369:6:SystemClock_Config	120	static
../Core/Src/main.c:432:13:MX_ADC1_Init	48	static
../Core/Src/main.c:501:13:MX_SPI1_Init	8	static
../Core/Src/main.c:549:13:MX_TIM3_Init	64	static
../Core/Src/main.c:612:13:MX_TIM4_Init	64	static
../Core/Src/main.c:671:13:MX_UART4_Init	8	static
../Core/Src/main.c:719:13:MX_UART8_Init	8	static
../Core/Src/main.c:767:13:MX_USART3_UART_Init	8	static
../Core/Src/main.c:815:13:MX_USB_OTG_FS_PCD_Init	8	static
../Core/Src/main.c:851:13:MX_GPIO_Init	56	static
../Core/Src/main.c:935:6:MPU_Config	24	static
../Core/Src/main.c:966:6:Error_Handler	4	static,ignoring_inline_asm
