../Core/Src/parachutes.c:5:10:read_ematch_voltage	48	static
../Core/Src/parachutes.c:28:6:read_ematch_connections	16	static
../Core/Src/parachutes.c:35:6:drogue_primary_on	8	static
../Core/Src/parachutes.c:39:6:drogue_primary_off	8	static
../Core/Src/parachutes.c:43:6:drogue_secondary_on	8	static
../Core/Src/parachutes.c:47:6:drogue_secondary_off	8	static
../Core/Src/parachutes.c:51:6:main_primary_on	8	static
../Core/Src/parachutes.c:55:6:main_primary_off	8	static
../Core/Src/parachutes.c:59:6:main_secondary_on	8	static
../Core/Src/parachutes.c:63:6:main_secondary_off	8	static
