../Core/Src/parachutes.c:14:10:read_ematch_voltage	48	static
../Core/Src/parachutes.c:37:6:read_ematch_connections	16	static
../Core/Src/parachutes.c:44:6:drogue_primary_on	8	static
../Core/Src/parachutes.c:48:6:drogue_primary_off	8	static
../Core/Src/parachutes.c:52:6:drogue_secondary_on	8	static
../Core/Src/parachutes.c:56:6:drogue_secondary_off	8	static
../Core/Src/parachutes.c:60:6:main_primary_on	8	static
../Core/Src/parachutes.c:64:6:main_primary_off	8	static
../Core/Src/parachutes.c:68:6:main_secondary_on	8	static
../Core/Src/parachutes.c:72:6:main_secondary_off	8	static
