../Core/Src/rfm9x.c:51:20:SPI_SwitchToMode0_Save	4	static
../Core/Src/rfm9x.c:72:20:SPI_RestoreMode	4	static
../Core/Src/rfm9x.c:90:13:cs_select_rfm9x	8	static
../Core/Src/rfm9x.c:95:13:cs_deselect_rfm9x	8	static
../Core/Src/rfm9x.c:100:13:write_reg	24	static
../Core/Src/rfm9x.c:111:16:read_reg	32	static
../Core/Src/rfm9x.c:125:6:RFM9X_Reset	8	static
../Core/Src/rfm9x.c:135:6:RFM9X_Init	24	static
../Core/Src/rfm9x.c:208:6:RFM9X_SetFrequency	40	static
../Core/Src/rfm9x.c:223:6:RFM9X_SetTxPower	16	static
../Core/Src/rfm9x.c:235:6:RFM9X_Send	24	static
../Core/Src/rfm9x.c:268:6:RFM9X_Poll	16	static
../Core/Src/rfm9x.c:292:9:RFM9X_IsTxBusy	4	static
../Core/Src/rfm9x.c:299:9:RFM9X_Receive	32	static
