../Core/Src/rfm9x.c:48:13:cs_select_rfm9x	8	static
../Core/Src/rfm9x.c:53:13:cs_deselect_rfm9x	8	static
../Core/Src/rfm9x.c:58:13:write_reg	24	static
../Core/Src/rfm9x.c:69:16:read_reg	32	static
../Core/Src/rfm9x.c:83:6:RFM9X_Reset	8	static
../Core/Src/rfm9x.c:93:6:RFM9X_Init	24	static
../Core/Src/rfm9x.c:160:6:RFM9X_SetFrequency	32	static
../Core/Src/rfm9x.c:171:6:RFM9X_SetTxPower	16	static
../Core/Src/rfm9x.c:179:6:RFM9X_Send	24	static
../Core/Src/rfm9x.c:208:6:RFM9X_Poll	16	static
../Core/Src/rfm9x.c:228:9:RFM9X_IsTxBusy	4	static
../Core/Src/rfm9x.c:235:9:RFM9X_Receive	32	static
