../Core/Src/sensors.c:57:9:Verify_Sensors	8	static
../Core/Src/sensors.c:77:20:SPI_CS_LOW	16	static
../Core/Src/sensors.c:82:20:SPI_CS_HIGH	16	static
../Core/Src/sensors.c:87:13:SPI_Read	24	static
../Core/Src/sensors.c:97:13:SPI_Read_Multi	24	static
../Core/Src/sensors.c:107:13:SPI_Write	32	static
../Core/Src/sensors.c:117:6:init_sensors	32	static
../Core/Src/sensors.c:145:6:read_sensors	16	static
../Core/Src/sensors.c:163:7:Calculate_Altitude	32	static
../Core/Src/sensors.c:175:6:LPS22HH_Init	32	static
../Core/Src/sensors.c:195:6:LPS22HH_Read	40	static
../Core/Src/sensors.c:221:9:LPS22HH_WhoAmI	24	static
../Core/Src/sensors.c:233:9:LPS22HH_ReadReg	40	static
../Core/Src/sensors.c:245:6:LPS22HH_WriteReg	32	static
../Core/Src/sensors.c:254:6:LSM6DSL_Init	32	static
../Core/Src/sensors.c:276:6:LSM6DSL_Read	56	static
../Core/Src/sensors.c:308:9:LSM6DSL_WhoAmI	24	static
../Core/Src/sensors.c:314:6:LIS3MDLTR_Init	32	static
../Core/Src/sensors.c:336:6:LIS3MDLTR_Read	48	static
../Core/Src/sensors.c:356:9:LIS3MDLTR_WhoAmI	24	static
../Core/Src/sensors.c:363:6:BMX055_Init	32	static
../Core/Src/sensors.c:428:9:BMX055_ACC_WhoAmI	24	static
../Core/Src/sensors.c:436:9:BMX055_GYRO_WhoAmI	24	static
../Core/Src/sensors.c:444:9:BMX055_MAG_WhoAmI	24	static
../Core/Src/sensors.c:452:6:BMX055_Read_Accel	48	static
../Core/Src/sensors.c:469:6:BMX055_Read_Gyro	48	static
../Core/Src/sensors.c:486:6:BMX055_Read_Mag	40	static
../Core/Src/sensors.c:503:6:BMX055_Read	16	static
../Core/Src/sensors.c:510:6:calibrate_mag	16	static
../Core/Src/sensors.c:546:6:transform_accel_to_world	80	static
../Core/Src/sensors.c:577:6:deselect_all_spi	8	static
../Core/Src/sensors.c:590:6:Gyro_CalibrateBias	40	static
../Core/Src/sensors.c:618:6:Bias_Init	16	static
../Core/Src/sensors.c:638:6:Bias_Calculate	24	static
../Core/Src/sensors.c:656:6:Apply_Bias	16	static
../Core/Src/sensors.c:688:6:calibrate_accel_bias_stationary	136	static
