../Core/Src/sensors.c:64:9:Verify_Sensors	8	static
../Core/Src/sensors.c:110:20:SPI_CS_LOW	16	static
../Core/Src/sensors.c:115:20:SPI_CS_HIGH	16	static
../Core/Src/sensors.c:120:13:SPI_Read	24	static
../Core/Src/sensors.c:130:13:SPI_Read_Multi	24	static
../Core/Src/sensors.c:140:13:SPI_Write	32	static
../Core/Src/sensors.c:150:6:init_sensors	32	static
../Core/Src/sensors.c:191:6:read_sensors	16	static
../Core/Src/sensors.c:211:7:Calculate_Altitude	32	static
../Core/Src/sensors.c:223:6:LPS22HH_Init	32	static
../Core/Src/sensors.c:241:6:LPS22HH_Read	40	static
../Core/Src/sensors.c:267:9:LPS22HH_WhoAmI	24	static
../Core/Src/sensors.c:279:9:LPS22HH_ReadReg	40	static
../Core/Src/sensors.c:291:6:LPS22HH_WriteReg	32	static
../Core/Src/sensors.c:300:6:LSM6DSL_Init	32	static
../Core/Src/sensors.c:322:6:LSM6DSL_Read	56	static
../Core/Src/sensors.c:354:9:LSM6DSL_WhoAmI	24	static
../Core/Src/sensors.c:364:20:SPI_SwitchToMode3	8	static
../Core/Src/sensors.c:387:20:SPI_RestoreMode	8	static
../Core/Src/sensors.c:406:6:ADXL375_Init	32	static
../Core/Src/sensors.c:430:6:ADXL375_Read	40	static
../Core/Src/sensors.c:449:9:ADXL375_WhoAmI	24	static
../Core/Src/sensors.c:460:6:LIS3MDLTR_Init	32	static
../Core/Src/sensors.c:480:6:LIS3MDLTR_Read	48	static
../Core/Src/sensors.c:500:9:LIS3MDLTR_WhoAmI	24	static
../Core/Src/sensors.c:506:14:BMP388_compensate_temperature	24	static
../Core/Src/sensors.c:520:14:BMP388_compensate_pressure	48	static
../Core/Src/sensors.c:554:6:BMP388_Init	80	static
../Core/Src/sensors.c:611:6:BMP388_Read	40	static
../Core/Src/sensors.c:626:9:BMP388_WhoAmI	24	static
../Core/Src/sensors.c:633:6:BMX055_Init	32	static
../Core/Src/sensors.c:691:9:BMX055_ACC_WhoAmI	24	static
../Core/Src/sensors.c:699:9:BMX055_GYRO_WhoAmI	24	static
../Core/Src/sensors.c:707:9:BMX055_MAG_WhoAmI	24	static
../Core/Src/sensors.c:715:6:BMX055_Read_Accel	48	static
../Core/Src/sensors.c:733:6:BMX055_Read_Gyro	48	static
../Core/Src/sensors.c:751:6:BMX055_Read_Mag	40	static
../Core/Src/sensors.c:767:6:BMX055_Read	16	static
../Core/Src/sensors.c:774:6:calibrate_mag	56	static
../Core/Src/sensors.c:810:6:transform_accel_to_world	80	static
../Core/Src/sensors.c:841:6:deselect_all_spi	8	static
../Core/Src/sensors.c:851:6:Gyro_CalibrateBias	40	static
../Core/Src/sensors.c:879:6:Bias_Init	16	static
../Core/Src/sensors.c:910:6:Bias_Calculate	24	static
../Core/Src/sensors.c:930:6:Apply_Bias	16	static
../Core/Src/sensors.c:965:6:calibrate_accel_bias_stationary	136	static
