../Core/Src/sensors.c:24:9:Verify_Sensors	8	static
../Core/Src/sensors.c:52:20:SPI_CS_LOW	16	static
../Core/Src/sensors.c:57:20:SPI_CS_HIGH	16	static
../Core/Src/sensors.c:62:13:SPI_Read	24	static
../Core/Src/sensors.c:72:13:SPI_Read_Multi	24	static
../Core/Src/sensors.c:82:13:SPI_Write	32	static
../Core/Src/sensors.c:92:6:init_sensors	16	static
../Core/Src/sensors.c:119:6:read_sensors	16	static
../Core/Src/sensors.c:131:7:Calculate_Altitude	32	static
../Core/Src/sensors.c:143:6:LPS22HH_Init	32	static
../Core/Src/sensors.c:161:6:LPS22HH_Read	40	static
../Core/Src/sensors.c:187:6:set_start_alt	16	static
../Core/Src/sensors.c:192:9:LPS22HH_WhoAmI	24	static
../Core/Src/sensors.c:204:9:LPS22HH_ReadReg	40	static
../Core/Src/sensors.c:216:6:LPS22HH_WriteReg	32	static
../Core/Src/sensors.c:225:6:LSM6DSL_Init	32	static
../Core/Src/sensors.c:247:6:LSM6DSL_Read	48	static
../Core/Src/sensors.c:272:9:LSM6DSL_WhoAmI	24	static
../Core/Src/sensors.c:287:20:SPI_SwitchToMode3	8	static
../Core/Src/sensors.c:310:20:SPI_RestoreMode	8	static
../Core/Src/sensors.c:329:6:ADXL375_Init	32	static
../Core/Src/sensors.c:353:9:reverse_bits	16	static
../Core/Src/sensors.c:361:6:ADXL375_Read	40	static
../Core/Src/sensors.c:380:9:ADXL375_WhoAmI	24	static
../Core/Src/sensors.c:401:6:LIS3MDLTR_Init	32	static
../Core/Src/sensors.c:421:6:LIS3MDLTR_Read	48	static
../Core/Src/sensors.c:441:9:LIS3MDLTR_WhoAmI	24	static
../Core/Src/sensors.c:447:6:transform_accel_to_world	80	static
