../Core/Src/sensors.c:19:9:Verify_Sensors	8	static
../Core/Src/sensors.c:44:20:SPI_CS_LOW	16	static
../Core/Src/sensors.c:49:20:SPI_CS_HIGH	16	static
../Core/Src/sensors.c:54:13:SPI_Read	24	static
../Core/Src/sensors.c:64:13:SPI_Write	32	static
../Core/Src/sensors.c:74:6:init_sensors	16	static
../Core/Src/sensors.c:97:6:read_sensors	16	static
../Core/Src/sensors.c:108:7:Calculate_Altitude	32	static
../Core/Src/sensors.c:120:6:LPS22HH_Init	32	static
../Core/Src/sensors.c:138:6:LPS22HH_Read	40	static
../Core/Src/sensors.c:164:6:set_start_alt	16	static
../Core/Src/sensors.c:169:9:LPS22HH_WhoAmI	24	static
../Core/Src/sensors.c:181:9:LPS22HH_ReadReg	40	static
../Core/Src/sensors.c:193:6:LPS22HH_WriteReg	32	static
../Core/Src/sensors.c:202:6:LSM6DSL_Init	32	static
../Core/Src/sensors.c:224:6:LSM6DSL_Read	48	static
../Core/Src/sensors.c:249:9:LSM6DSL_WhoAmI	24	static
../Core/Src/sensors.c:255:6:ICM45686_Init	32	static
../Core/Src/sensors.c:273:9:ICM45686_WhoAmI	16	static
../Core/Src/sensors.c:295:6:ICM45686_Read	48	static
../Core/Src/sensors.c:321:6:transform_accel_to_world	80	static
