../Core/Src/sensors.c:45:9:Verify_Sensors	8	static
../Core/Src/sensors.c:78:20:SPI_CS_LOW	16	static
../Core/Src/sensors.c:83:20:SPI_CS_HIGH	16	static
../Core/Src/sensors.c:88:13:SPI_Read	24	static
../Core/Src/sensors.c:98:13:SPI_Read_Multi	24	static
../Core/Src/sensors.c:108:13:SPI_Write	32	static
../Core/Src/sensors.c:118:6:init_sensors	16	static
../Core/Src/sensors.c:154:6:read_sensors	16	static
../Core/Src/sensors.c:174:7:Calculate_Altitude	32	static
../Core/Src/sensors.c:186:6:LPS22HH_Init	32	static
../Core/Src/sensors.c:204:6:LPS22HH_Read	40	static
../Core/Src/sensors.c:230:9:LPS22HH_WhoAmI	24	static
../Core/Src/sensors.c:242:9:LPS22HH_ReadReg	40	static
../Core/Src/sensors.c:254:6:LPS22HH_WriteReg	32	static
../Core/Src/sensors.c:263:6:LSM6DSL_Init	32	static
../Core/Src/sensors.c:285:6:LSM6DSL_Read	56	static
../Core/Src/sensors.c:317:9:LSM6DSL_WhoAmI	24	static
../Core/Src/sensors.c:327:20:SPI_SwitchToMode3	8	static
../Core/Src/sensors.c:350:20:SPI_RestoreMode	8	static
../Core/Src/sensors.c:369:6:ADXL375_Init	32	static
../Core/Src/sensors.c:393:6:ADXL375_Read	40	static
../Core/Src/sensors.c:412:9:ADXL375_WhoAmI	24	static
../Core/Src/sensors.c:423:6:LIS3MDLTR_Init	32	static
../Core/Src/sensors.c:443:6:LIS3MDLTR_Read	48	static
../Core/Src/sensors.c:463:9:LIS3MDLTR_WhoAmI	24	static
../Core/Src/sensors.c:469:14:BMP388_compensate_temperature	24	static
../Core/Src/sensors.c:483:14:BMP388_compensate_pressure	48	static
../Core/Src/sensors.c:517:6:BMP388_Init	80	static
../Core/Src/sensors.c:574:6:BMP388_Read	40	static
../Core/Src/sensors.c:589:9:BMP388_WhoAmI	24	static
../Core/Src/sensors.c:595:6:calibrate_mag	56	static
../Core/Src/sensors.c:631:6:transform_accel_to_world	80	static
../Core/Src/sensors.c:662:6:deselect_all_spi	8	static
../Core/Src/sensors.c:672:6:Gyro_CalibrateBias	40	static
../Core/Src/sensors.c:700:6:Bias_Init	16	static
../Core/Src/sensors.c:731:6:Bias_Calculate	24	static
../Core/Src/sensors.c:751:6:Apply_Bias	16	static
../Core/Src/sensors.c:786:6:calibrate_accel_bias_stationary	136	static
