../Core/Src/sensors.c:26:9:Verify_Sensors	8	static
../Core/Src/sensors.c:54:20:SPI_CS_LOW	16	static
../Core/Src/sensors.c:59:20:SPI_CS_HIGH	16	static
../Core/Src/sensors.c:64:13:SPI_Read	24	static
../Core/Src/sensors.c:74:13:SPI_Read_Multi	24	static
../Core/Src/sensors.c:84:13:SPI_Write	32	static
../Core/Src/sensors.c:94:6:init_sensors	16	static
../Core/Src/sensors.c:123:6:read_sensors	16	static
../Core/Src/sensors.c:138:7:Calculate_Altitude	32	static
../Core/Src/sensors.c:150:6:LPS22HH_Init	32	static
../Core/Src/sensors.c:168:6:LPS22HH_Read	40	static
../Core/Src/sensors.c:194:9:LPS22HH_WhoAmI	24	static
../Core/Src/sensors.c:206:9:LPS22HH_ReadReg	40	static
../Core/Src/sensors.c:218:6:LPS22HH_WriteReg	32	static
../Core/Src/sensors.c:227:6:LSM6DSL_Init	32	static
../Core/Src/sensors.c:249:6:LSM6DSL_Read	48	static
../Core/Src/sensors.c:274:9:LSM6DSL_WhoAmI	24	static
../Core/Src/sensors.c:284:20:SPI_SwitchToMode3	8	static
../Core/Src/sensors.c:307:20:SPI_RestoreMode	8	static
../Core/Src/sensors.c:326:6:ADXL375_Init	32	static
../Core/Src/sensors.c:350:6:ADXL375_Read	40	static
../Core/Src/sensors.c:369:9:ADXL375_WhoAmI	24	static
../Core/Src/sensors.c:380:6:LIS3MDLTR_Init	32	static
../Core/Src/sensors.c:400:6:LIS3MDLTR_Read	48	static
../Core/Src/sensors.c:420:9:LIS3MDLTR_WhoAmI	24	static
../Core/Src/sensors.c:426:6:transform_accel_to_world	80	static
../Core/Src/sensors.c:457:6:deselect_all_spi	8	static
../Core/Src/sensors.c:467:6:Bias_Init	16	static
../Core/Src/sensors.c:484:6:Bias_Calculate	24	static
../Core/Src/sensors.c:499:6:Apply_Bias	16	static
