../Core/Src/sensors.c:57:9:Verify_Sensors	8	static
../Core/Src/sensors.c:99:20:SPI_CS_LOW	16	static
../Core/Src/sensors.c:104:20:SPI_CS_HIGH	16	static
../Core/Src/sensors.c:109:13:SPI_Read	24	static
../Core/Src/sensors.c:119:13:SPI_Read_Multi	24	static
../Core/Src/sensors.c:129:13:SPI_Write	32	static
../Core/Src/sensors.c:139:6:init_sensors	32	static
../Core/Src/sensors.c:167:6:read_sensors	16	static
../Core/Src/sensors.c:185:7:Calculate_Altitude	32	static
../Core/Src/sensors.c:197:6:LPS22HH_Init	32	static
../Core/Src/sensors.c:217:6:LPS22HH_Read	40	static
../Core/Src/sensors.c:243:9:LPS22HH_WhoAmI	24	static
../Core/Src/sensors.c:255:9:LPS22HH_ReadReg	40	static
../Core/Src/sensors.c:267:6:LPS22HH_WriteReg	32	static
../Core/Src/sensors.c:276:6:LSM6DSL_Init	32	static
../Core/Src/sensors.c:298:6:LSM6DSL_Read	56	static
../Core/Src/sensors.c:330:9:LSM6DSL_WhoAmI	24	static
../Core/Src/sensors.c:336:6:LIS3MDLTR_Init	32	static
../Core/Src/sensors.c:358:6:LIS3MDLTR_Read	48	static
../Core/Src/sensors.c:378:9:LIS3MDLTR_WhoAmI	24	static
../Core/Src/sensors.c:385:6:BMX055_Init	32	static
../Core/Src/sensors.c:450:9:BMX055_ACC_WhoAmI	24	static
../Core/Src/sensors.c:458:9:BMX055_GYRO_WhoAmI	24	static
../Core/Src/sensors.c:466:9:BMX055_MAG_WhoAmI	24	static
../Core/Src/sensors.c:474:6:BMX055_Read_Accel	48	static
../Core/Src/sensors.c:491:6:BMX055_Read_Gyro	48	static
../Core/Src/sensors.c:508:6:BMX055_Read_Mag	40	static
../Core/Src/sensors.c:525:6:BMX055_Read	16	static
../Core/Src/sensors.c:532:6:calibrate_mag	16	static
../Core/Src/sensors.c:568:6:transform_accel_to_world	80	static
../Core/Src/sensors.c:599:6:deselect_all_spi	8	static
../Core/Src/sensors.c:612:6:Gyro_CalibrateBias	40	static
../Core/Src/sensors.c:640:6:Bias_Init	16	static
../Core/Src/sensors.c:660:6:Bias_Calculate	24	static
../Core/Src/sensors.c:678:6:Apply_Bias	16	static
../Core/Src/sensors.c:710:6:calibrate_accel_bias_stationary	136	static
