../Core/Src/sensors.c:19:9:Verify_Sensors	8	static
../Core/Src/sensors.c:44:20:SPI_CS_LOW	16	static
../Core/Src/sensors.c:49:20:SPI_CS_HIGH	16	static
../Core/Src/sensors.c:54:13:SPI_Read	24	static
../Core/Src/sensors.c:64:13:SPI_Write	32	static
../Core/Src/sensors.c:75:6:init_sensors	24	static
../Core/Src/sensors.c:101:6:read_sensors	16	static
../Core/Src/sensors.c:112:7:Calculate_Altitude	32	static
../Core/Src/sensors.c:124:6:LPS22HH_Init	32	static
../Core/Src/sensors.c:142:6:LPS22HH_Read	40	static
../Core/Src/sensors.c:168:6:set_start_alt	16	static
../Core/Src/sensors.c:173:9:LPS22HH_WhoAmI	24	static
../Core/Src/sensors.c:185:9:LPS22HH_ReadReg	40	static
../Core/Src/sensors.c:197:6:LPS22HH_WriteReg	32	static
../Core/Src/sensors.c:206:6:LSM6DSL_Init	32	static
../Core/Src/sensors.c:228:6:LSM6DSL_Read	48	static
../Core/Src/sensors.c:253:9:LSM6DSL_WhoAmI	24	static
../Core/Src/sensors.c:259:6:ICM45686_Init	32	static
../Core/Src/sensors.c:277:9:ICM45686_WhoAmI	16	static
../Core/Src/sensors.c:299:6:ICM45686_Read	48	static
../Core/Src/sensors.c:325:6:transform_accel_to_world	80	static
