../Core/Src/sensors.c:37:9:Verify_Sensors	8	static
../Core/Src/sensors.c:65:20:SPI_CS_LOW	16	static
../Core/Src/sensors.c:70:20:SPI_CS_HIGH	16	static
../Core/Src/sensors.c:75:13:SPI_Read	24	static
../Core/Src/sensors.c:85:13:SPI_Read_Multi	24	static
../Core/Src/sensors.c:95:13:SPI_Write	32	static
../Core/Src/sensors.c:105:6:init_sensors	16	static
../Core/Src/sensors.c:134:6:read_sensors	16	static
../Core/Src/sensors.c:150:7:Calculate_Altitude	32	static
../Core/Src/sensors.c:162:6:LPS22HH_Init	32	static
../Core/Src/sensors.c:180:6:LPS22HH_Read	40	static
../Core/Src/sensors.c:206:9:LPS22HH_WhoAmI	24	static
../Core/Src/sensors.c:218:9:LPS22HH_ReadReg	40	static
../Core/Src/sensors.c:230:6:LPS22HH_WriteReg	32	static
../Core/Src/sensors.c:239:6:LSM6DSL_Init	32	static
../Core/Src/sensors.c:261:6:LSM6DSL_Read	56	static
../Core/Src/sensors.c:293:9:LSM6DSL_WhoAmI	24	static
../Core/Src/sensors.c:303:20:SPI_SwitchToMode3	8	static
../Core/Src/sensors.c:326:20:SPI_RestoreMode	8	static
../Core/Src/sensors.c:345:6:ADXL375_Init	32	static
../Core/Src/sensors.c:369:6:ADXL375_Read	40	static
../Core/Src/sensors.c:388:9:ADXL375_WhoAmI	24	static
../Core/Src/sensors.c:399:6:LIS3MDLTR_Init	32	static
../Core/Src/sensors.c:419:6:LIS3MDLTR_Read	48	static
../Core/Src/sensors.c:439:9:LIS3MDLTR_WhoAmI	24	static
../Core/Src/sensors.c:446:6:calibrate_mag	56	static
../Core/Src/sensors.c:482:6:transform_accel_to_world	80	static
../Core/Src/sensors.c:513:6:deselect_all_spi	8	static
../Core/Src/sensors.c:523:6:Gyro_CalibrateBias	40	static
../Core/Src/sensors.c:551:6:Bias_Init	16	static
../Core/Src/sensors.c:582:6:Bias_Calculate	24	static
../Core/Src/sensors.c:602:6:Apply_Bias	16	static
