../Core/Src/sensors.c:57:9:Verify_Sensors	8	static
../Core/Src/sensors.c:97:20:SPI_CS_LOW	16	static
../Core/Src/sensors.c:102:20:SPI_CS_HIGH	16	static
../Core/Src/sensors.c:107:13:SPI_Read	24	static
../Core/Src/sensors.c:117:13:SPI_Read_Multi	24	static
../Core/Src/sensors.c:127:13:SPI_Write	32	static
../Core/Src/sensors.c:137:6:init_sensors	32	static
../Core/Src/sensors.c:165:6:read_sensors	16	static
../Core/Src/sensors.c:183:7:Calculate_Altitude	32	static
../Core/Src/sensors.c:195:6:LPS22HH_Init	32	static
../Core/Src/sensors.c:215:6:LPS22HH_Read	40	static
../Core/Src/sensors.c:241:9:LPS22HH_WhoAmI	24	static
../Core/Src/sensors.c:253:9:LPS22HH_ReadReg	40	static
../Core/Src/sensors.c:265:6:LPS22HH_WriteReg	32	static
../Core/Src/sensors.c:274:6:LSM6DSL_Init	32	static
../Core/Src/sensors.c:296:6:LSM6DSL_Read	56	static
../Core/Src/sensors.c:328:9:LSM6DSL_WhoAmI	24	static
../Core/Src/sensors.c:334:6:LIS3MDLTR_Init	32	static
../Core/Src/sensors.c:356:6:LIS3MDLTR_Read	48	static
../Core/Src/sensors.c:376:9:LIS3MDLTR_WhoAmI	24	static
../Core/Src/sensors.c:383:6:BMX055_Init	32	static
../Core/Src/sensors.c:448:9:BMX055_ACC_WhoAmI	24	static
../Core/Src/sensors.c:456:9:BMX055_GYRO_WhoAmI	24	static
../Core/Src/sensors.c:464:9:BMX055_MAG_WhoAmI	24	static
../Core/Src/sensors.c:472:6:BMX055_Read_Accel	48	static
../Core/Src/sensors.c:489:6:BMX055_Read_Gyro	48	static
../Core/Src/sensors.c:506:6:BMX055_Read_Mag	40	static
../Core/Src/sensors.c:523:6:BMX055_Read	16	static
../Core/Src/sensors.c:530:6:calibrate_mag	16	static
../Core/Src/sensors.c:566:6:transform_accel_to_world	80	static
../Core/Src/sensors.c:597:6:deselect_all_spi	8	static
../Core/Src/sensors.c:610:6:Gyro_CalibrateBias	40	static
../Core/Src/sensors.c:638:6:Bias_Init	16	static
../Core/Src/sensors.c:658:6:Bias_Calculate	24	static
../Core/Src/sensors.c:676:6:Apply_Bias	16	static
../Core/Src/sensors.c:708:6:calibrate_accel_bias_stationary	136	static
