../Core/Src/sensors.c:37:9:Verify_Sensors	8	static
../Core/Src/sensors.c:65:20:SPI_CS_LOW	16	static
../Core/Src/sensors.c:70:20:SPI_CS_HIGH	16	static
../Core/Src/sensors.c:75:13:SPI_Read	24	static
../Core/Src/sensors.c:85:13:SPI_Read_Multi	24	static
../Core/Src/sensors.c:95:13:SPI_Write	32	static
../Core/Src/sensors.c:105:6:init_sensors	16	static
../Core/Src/sensors.c:133:6:log_mag	8	static
../Core/Src/sensors.c:138:6:read_sensors	16	static
../Core/Src/sensors.c:169:7:Calculate_Altitude	32	static
../Core/Src/sensors.c:181:6:LPS22HH_Init	32	static
../Core/Src/sensors.c:199:6:LPS22HH_Read	40	static
../Core/Src/sensors.c:225:9:LPS22HH_WhoAmI	24	static
../Core/Src/sensors.c:237:9:LPS22HH_ReadReg	40	static
../Core/Src/sensors.c:249:6:LPS22HH_WriteReg	32	static
../Core/Src/sensors.c:258:6:LSM6DSL_Init	32	static
../Core/Src/sensors.c:280:6:LSM6DSL_Read	48	static
../Core/Src/sensors.c:305:9:LSM6DSL_WhoAmI	24	static
../Core/Src/sensors.c:315:20:SPI_SwitchToMode3	8	static
../Core/Src/sensors.c:338:20:SPI_RestoreMode	8	static
../Core/Src/sensors.c:357:6:ADXL375_Init	32	static
../Core/Src/sensors.c:381:6:ADXL375_Read	40	static
../Core/Src/sensors.c:400:9:ADXL375_WhoAmI	24	static
../Core/Src/sensors.c:411:6:LIS3MDLTR_Init	32	static
../Core/Src/sensors.c:431:6:LIS3MDLTR_Read	48	static
../Core/Src/sensors.c:451:9:LIS3MDLTR_WhoAmI	24	static
../Core/Src/sensors.c:463:6:transform_accel_to_world	80	static
../Core/Src/sensors.c:494:6:deselect_all_spi	8	static
../Core/Src/sensors.c:504:6:Gyro_CalibrateBias	40	static
../Core/Src/sensors.c:534:6:Bias_Init	16	static
../Core/Src/sensors.c:565:6:Bias_Calculate	24	static
../Core/Src/sensors.c:585:6:Apply_Bias	16	static
