../Core/Src/sensors.c:19:9:Verify_Sensors	8	static
../Core/Src/sensors.c:42:20:SPI_CS_LOW	16	static
../Core/Src/sensors.c:47:20:SPI_CS_HIGH	16	static
../Core/Src/sensors.c:52:13:SPI_Read	24	static
../Core/Src/sensors.c:62:13:SPI_Write	32	static
../Core/Src/sensors.c:72:6:init_sensors	16	static
../Core/Src/sensors.c:95:6:read_sensors	16	static
../Core/Src/sensors.c:106:7:Calculate_Altitude	32	static
../Core/Src/sensors.c:118:6:LPS22HH_Init	32	static
../Core/Src/sensors.c:136:6:LPS22HH_Read	40	static
../Core/Src/sensors.c:162:6:set_start_alt	16	static
../Core/Src/sensors.c:167:9:LPS22HH_WhoAmI	24	static
../Core/Src/sensors.c:179:9:LPS22HH_ReadReg	40	static
../Core/Src/sensors.c:191:6:LPS22HH_WriteReg	32	static
../Core/Src/sensors.c:200:6:LSM6DSL_Init	32	static
../Core/Src/sensors.c:222:6:LSM6DSL_Read	48	static
../Core/Src/sensors.c:247:9:LSM6DSL_WhoAmI	24	static
../Core/Src/sensors.c:253:13:SPI_Read_LIS	24	static
../Core/Src/sensors.c:263:6:LIS3MDLTR_Init	32	static
../Core/Src/sensors.c:283:6:LIS3MDLTR_Read	48	static
../Core/Src/sensors.c:303:9:LIS3MDLTR_WhoAmI	24	static
../Core/Src/sensors.c:309:6:transform_accel_to_world	80	static
