../Core/Src/sensors.c:24:9:Verify_Sensors	8	static
../Core/Src/sensors.c:52:20:SPI_CS_LOW	16	static
../Core/Src/sensors.c:57:20:SPI_CS_HIGH	16	static
../Core/Src/sensors.c:62:13:SPI_Read	24	static
../Core/Src/sensors.c:72:13:SPI_Read_Multi	24	static
../Core/Src/sensors.c:82:13:SPI_Write	32	static
../Core/Src/sensors.c:92:6:init_sensors	16	static
../Core/Src/sensors.c:119:6:read_sensors	16	static
../Core/Src/sensors.c:132:7:Calculate_Altitude	32	static
../Core/Src/sensors.c:144:6:LPS22HH_Init	32	static
../Core/Src/sensors.c:162:6:LPS22HH_Read	40	static
../Core/Src/sensors.c:188:9:LPS22HH_WhoAmI	24	static
../Core/Src/sensors.c:200:9:LPS22HH_ReadReg	40	static
../Core/Src/sensors.c:212:6:LPS22HH_WriteReg	32	static
../Core/Src/sensors.c:221:6:LSM6DSL_Init	32	static
../Core/Src/sensors.c:243:6:LSM6DSL_Read	48	static
../Core/Src/sensors.c:268:9:LSM6DSL_WhoAmI	24	static
../Core/Src/sensors.c:278:20:SPI_SwitchToMode3	8	static
../Core/Src/sensors.c:301:20:SPI_RestoreMode	8	static
../Core/Src/sensors.c:320:6:ADXL375_Init	32	static
../Core/Src/sensors.c:344:6:ADXL375_Read	40	static
../Core/Src/sensors.c:363:9:ADXL375_WhoAmI	24	static
../Core/Src/sensors.c:374:6:LIS3MDLTR_Init	32	static
../Core/Src/sensors.c:394:6:LIS3MDLTR_Read	48	static
../Core/Src/sensors.c:414:9:LIS3MDLTR_WhoAmI	24	static
../Core/Src/sensors.c:420:6:transform_accel_to_world	80	static
../Core/Src/sensors.c:451:6:deselect_all_spi	8	static
