../Core/Src/sensors.c:27:9:Verify_Sensors	8	static
../Core/Src/sensors.c:55:20:SPI_CS_LOW	16	static
../Core/Src/sensors.c:60:20:SPI_CS_HIGH	16	static
../Core/Src/sensors.c:65:13:SPI_Read	24	static
../Core/Src/sensors.c:75:13:SPI_Read_Multi	24	static
../Core/Src/sensors.c:85:13:SPI_Write	32	static
../Core/Src/sensors.c:95:6:init_sensors	16	static
../Core/Src/sensors.c:122:6:read_sensors	16	static
../Core/Src/sensors.c:134:7:Calculate_Altitude	32	static
../Core/Src/sensors.c:146:6:LPS22HH_Init	32	static
../Core/Src/sensors.c:164:6:LPS22HH_Read	40	static
../Core/Src/sensors.c:190:6:set_start_alt	16	static
../Core/Src/sensors.c:195:9:LPS22HH_WhoAmI	24	static
../Core/Src/sensors.c:207:9:LPS22HH_ReadReg	40	static
../Core/Src/sensors.c:219:6:LPS22HH_WriteReg	32	static
../Core/Src/sensors.c:228:6:LSM6DSL_Init	32	static
../Core/Src/sensors.c:250:6:LSM6DSL_Read	48	static
../Core/Src/sensors.c:275:9:LSM6DSL_WhoAmI	24	static
../Core/Src/sensors.c:290:20:SPI_SwitchToMode3	8	static
../Core/Src/sensors.c:315:20:SPI_RestoreMode	8	static
../Core/Src/sensors.c:336:6:ADXL375_Init	32	static
../Core/Src/sensors.c:358:6:ADXL375_Read	40	static
../Core/Src/sensors.c:377:9:ADXL375_WhoAmI	24	static
../Core/Src/sensors.c:398:6:LIS3MDLTR_Init	32	static
../Core/Src/sensors.c:418:6:LIS3MDLTR_Read	48	static
../Core/Src/sensors.c:438:9:LIS3MDLTR_WhoAmI	24	static
../Core/Src/sensors.c:444:6:transform_accel_to_world	80	static
