../Core/Src/sensors.c:36:9:Verify_Sensors	8	static
../Core/Src/sensors.c:64:20:SPI_CS_LOW	16	static
../Core/Src/sensors.c:69:20:SPI_CS_HIGH	16	static
../Core/Src/sensors.c:74:13:SPI_Read	24	static
../Core/Src/sensors.c:84:13:SPI_Read_Multi	24	static
../Core/Src/sensors.c:94:13:SPI_Write	32	static
../Core/Src/sensors.c:104:6:init_sensors	16	static
../Core/Src/sensors.c:132:6:log_mag	8	static
../Core/Src/sensors.c:137:6:read_sensors	16	static
../Core/Src/sensors.c:166:7:Calculate_Altitude	32	static
../Core/Src/sensors.c:178:6:LPS22HH_Init	32	static
../Core/Src/sensors.c:196:6:LPS22HH_Read	40	static
../Core/Src/sensors.c:222:9:LPS22HH_WhoAmI	24	static
../Core/Src/sensors.c:234:9:LPS22HH_ReadReg	40	static
../Core/Src/sensors.c:246:6:LPS22HH_WriteReg	32	static
../Core/Src/sensors.c:255:6:LSM6DSL_Init	32	static
../Core/Src/sensors.c:277:6:LSM6DSL_Read	48	static
../Core/Src/sensors.c:302:9:LSM6DSL_WhoAmI	24	static
../Core/Src/sensors.c:312:20:SPI_SwitchToMode3	8	static
../Core/Src/sensors.c:335:20:SPI_RestoreMode	8	static
../Core/Src/sensors.c:354:6:ADXL375_Init	32	static
../Core/Src/sensors.c:378:6:ADXL375_Read	40	static
../Core/Src/sensors.c:397:9:ADXL375_WhoAmI	24	static
../Core/Src/sensors.c:408:6:LIS3MDLTR_Init	32	static
../Core/Src/sensors.c:428:6:LIS3MDLTR_Read	48	static
../Core/Src/sensors.c:448:9:LIS3MDLTR_WhoAmI	24	static
../Core/Src/sensors.c:454:6:transform_accel_to_world	80	static
../Core/Src/sensors.c:485:6:deselect_all_spi	8	static
../Core/Src/sensors.c:495:6:Bias_Init	16	static
../Core/Src/sensors.c:512:6:Bias_Calculate	24	static
../Core/Src/sensors.c:527:6:Apply_Bias	16	static
