../Core/Src/sensors.c:19:9:Verify_Sensors	8	static
../Core/Src/sensors.c:44:20:SPI_CS_LOW	16	static
../Core/Src/sensors.c:49:20:SPI_CS_HIGH	16	static
../Core/Src/sensors.c:54:13:SPI_Read	24	static
../Core/Src/sensors.c:64:13:SPI_Write	32	static
../Core/Src/sensors.c:74:6:init_sensors	16	static
../Core/Src/sensors.c:97:6:read_sensors	16	static
../Core/Src/sensors.c:106:7:Calculate_Altitude	32	static
../Core/Src/sensors.c:118:6:LPS22HH_Init	32	static
../Core/Src/sensors.c:136:6:LPS22HH_Read	40	static
../Core/Src/sensors.c:162:9:LPS22HH_WhoAmI	24	static
../Core/Src/sensors.c:174:9:LPS22HH_ReadReg	40	static
../Core/Src/sensors.c:186:6:LPS22HH_WriteReg	32	static
../Core/Src/sensors.c:195:6:LSM6DSL_Init	32	static
../Core/Src/sensors.c:217:6:LSM6DSL_Read	48	static
../Core/Src/sensors.c:242:9:LSM6DSL_WhoAmI	24	static
../Core/Src/sensors.c:248:6:ICM45686_Init	32	static
../Core/Src/sensors.c:266:9:ICM45686_WhoAmI	16	static
../Core/Src/sensors.c:288:6:ICM45686_Read	48	static
