../Core/Src/sensors.c:24:9:Verify_Sensors	8	static
../Core/Src/sensors.c:52:20:SPI_CS_LOW	16	static
../Core/Src/sensors.c:57:20:SPI_CS_HIGH	16	static
../Core/Src/sensors.c:62:13:SPI_Read	24	static
../Core/Src/sensors.c:72:13:SPI_Read_Multi	24	static
../Core/Src/sensors.c:82:13:SPI_Write	32	static
../Core/Src/sensors.c:92:6:init_sensors	16	static
../Core/Src/sensors.c:119:6:read_sensors	16	static
../Core/Src/sensors.c:131:7:Calculate_Altitude	32	static
../Core/Src/sensors.c:143:6:LPS22HH_Init	32	static
../Core/Src/sensors.c:161:6:LPS22HH_Read	40	static
../Core/Src/sensors.c:187:9:LPS22HH_WhoAmI	24	static
../Core/Src/sensors.c:199:9:LPS22HH_ReadReg	40	static
../Core/Src/sensors.c:211:6:LPS22HH_WriteReg	32	static
../Core/Src/sensors.c:220:6:LSM6DSL_Init	32	static
../Core/Src/sensors.c:242:6:LSM6DSL_Read	48	static
../Core/Src/sensors.c:267:9:LSM6DSL_WhoAmI	24	static
../Core/Src/sensors.c:277:20:SPI_SwitchToMode3	8	static
../Core/Src/sensors.c:300:20:SPI_RestoreMode	8	static
../Core/Src/sensors.c:319:6:ADXL375_Init	32	static
../Core/Src/sensors.c:343:6:ADXL375_Read	40	static
../Core/Src/sensors.c:362:9:ADXL375_WhoAmI	24	static
../Core/Src/sensors.c:373:6:LIS3MDLTR_Init	32	static
../Core/Src/sensors.c:393:6:LIS3MDLTR_Read	48	static
../Core/Src/sensors.c:413:9:LIS3MDLTR_WhoAmI	24	static
../Core/Src/sensors.c:419:6:transform_accel_to_world	80	static
