../Core/Src/telemetry.c:8:6:begin_data_file	8	static
../Core/Src/telemetry.c:15:6:init_data_file	24	static
../Core/Src/telemetry.c:21:6:get_rf_msg	464	static
../Core/Src/telemetry.c:65:6:log_data	1552	static
../Core/Src/telemetry.c:121:6:save_data_file	8	static
../Core/Src/telemetry.c:125:6:write_datafile_message	16	static
../Core/Src/telemetry.c:129:9:write_headers	16	static
../Core/Src/telemetry.c:146:6:state_to_string_num	16	static
../Core/Src/telemetry.c:193:6:state_to_string_name	24	static
../Core/Src/telemetry.c:240:10:telemetry_log_period	16	static
