../Core/Src/telemetry.c:8:6:init_data_file	24	static
../Core/Src/telemetry.c:17:6:get_rf_msg	264	static
../Core/Src/telemetry.c:59:6:log_data	1112	static
../Core/Src/telemetry.c:113:6:save_data_file	8	static
../Core/Src/telemetry.c:117:6:write_datafile_message	16	static
../Core/Src/telemetry.c:121:9:write_headers	16	static
../Core/Src/telemetry.c:144:6:state_to_string_num	16	static
../Core/Src/telemetry.c:191:6:state_to_string_name	24	static
../Core/Src/telemetry.c:238:10:telemetry_log_period	16	static
