Archive member included to satisfy reference by file (symbol)

/Applications/STM32CubeIDE.app/Contents/Eclipse/plugins/com.st.stm32cube.ide.mcu.externaltools.gnu-tools-for-stm32.13.3.rel1.macos64_1.0.100.202509120712/tools/bin/../lib/gcc/arm-none-eabi/13.3.1/../../../../arm-none-eabi/lib/thumb/v7e-m+dp/hard/libc_nano.a(libc_a-exit.o)
                              /Applications/STM32CubeIDE.app/Contents/Eclipse/plugins/com.st.stm32cube.ide.mcu.externaltools.gnu-tools-for-stm32.13.3.rel1.macos64_1.0.100.202509120712/tools/bin/../lib/gcc/arm-none-eabi/13.3.1/../../../../arm-none-eabi/lib/thumb/v7e-m+dp/hard/crt0.o (exit)
/Applications/STM32CubeIDE.app/Contents/Eclipse/plugins/com.st.stm32cube.ide.mcu.externaltools.gnu-tools-for-stm32.13.3.rel1.macos64_1.0.100.202509120712/tools/bin/../lib/gcc/arm-none-eabi/13.3.1/../../../../arm-none-eabi/lib/thumb/v7e-m+dp/hard/libc_nano.a(libc_a-sprintf.o)
                              ./Core/Src/main.o (sprintf)
/Applications/STM32CubeIDE.app/Contents/Eclipse/plugins/com.st.stm32cube.ide.mcu.externaltools.gnu-tools-for-stm32.13.3.rel1.macos64_1.0.100.202509120712/tools/bin/../lib/gcc/arm-none-eabi/13.3.1/../../../../arm-none-eabi/lib/thumb/v7e-m+dp/hard/libc_nano.a(libc_a-findfp.o)
                              /Applications/STM32CubeIDE.app/Contents/Eclipse/plugins/com.st.stm32cube.ide.mcu.externaltools.gnu-tools-for-stm32.13.3.rel1.macos64_1.0.100.202509120712/tools/bin/../lib/gcc/arm-none-eabi/13.3.1/../../../../arm-none-eabi/lib/thumb/v7e-m+dp/hard/libc_nano.a(libc_a-exit.o) (__stdio_exit_handler)
/Applications/STM32CubeIDE.app/Contents/Eclipse/plugins/com.st.stm32cube.ide.mcu.externaltools.gnu-tools-for-stm32.13.3.rel1.macos64_1.0.100.202509120712/tools/bin/../lib/gcc/arm-none-eabi/13.3.1/../../../../arm-none-eabi/lib/thumb/v7e-m+dp/hard/libc_nano.a(libc_a-fwalk.o)
                              /Applications/STM32CubeIDE.app/Contents/Eclipse/plugins/com.st.stm32cube.ide.mcu.externaltools.gnu-tools-for-stm32.13.3.rel1.macos64_1.0.100.202509120712/tools/bin/../lib/gcc/arm-none-eabi/13.3.1/../../../../arm-none-eabi/lib/thumb/v7e-m+dp/hard/libc_nano.a(libc_a-findfp.o) (_fwalk_sglue)
/Applications/STM32CubeIDE.app/Contents/Eclipse/plugins/com.st.stm32cube.ide.mcu.externaltools.gnu-tools-for-stm32.13.3.rel1.macos64_1.0.100.202509120712/tools/bin/../lib/gcc/arm-none-eabi/13.3.1/../../../../arm-none-eabi/lib/thumb/v7e-m+dp/hard/libc_nano.a(libc_a-memset.o)
                              /Applications/STM32CubeIDE.app/Contents/Eclipse/plugins/com.st.stm32cube.ide.mcu.externaltools.gnu-tools-for-stm32.13.3.rel1.macos64_1.0.100.202509120712/tools/bin/../lib/gcc/arm-none-eabi/13.3.1/../../../../arm-none-eabi/lib/thumb/v7e-m+dp/hard/crt0.o (memset)
/Applications/STM32CubeIDE.app/Contents/Eclipse/plugins/com.st.stm32cube.ide.mcu.externaltools.gnu-tools-for-stm32.13.3.rel1.macos64_1.0.100.202509120712/tools/bin/../lib/gcc/arm-none-eabi/13.3.1/../../../../arm-none-eabi/lib/thumb/v7e-m+dp/hard/libc_nano.a(libc_a-errno.o)
                              ./Core/Src/syscalls.o (__errno)
/Applications/STM32CubeIDE.app/Contents/Eclipse/plugins/com.st.stm32cube.ide.mcu.externaltools.gnu-tools-for-stm32.13.3.rel1.macos64_1.0.100.202509120712/tools/bin/../lib/gcc/arm-none-eabi/13.3.1/../../../../arm-none-eabi/lib/thumb/v7e-m+dp/hard/libc_nano.a(libc_a-init.o)
                              /Applications/STM32CubeIDE.app/Contents/Eclipse/plugins/com.st.stm32cube.ide.mcu.externaltools.gnu-tools-for-stm32.13.3.rel1.macos64_1.0.100.202509120712/tools/bin/../lib/gcc/arm-none-eabi/13.3.1/../../../../arm-none-eabi/lib/thumb/v7e-m+dp/hard/crt0.o (__libc_init_array)
/Applications/STM32CubeIDE.app/Contents/Eclipse/plugins/com.st.stm32cube.ide.mcu.externaltools.gnu-tools-for-stm32.13.3.rel1.macos64_1.0.100.202509120712/tools/bin/../lib/gcc/arm-none-eabi/13.3.1/../../../../arm-none-eabi/lib/thumb/v7e-m+dp/hard/libc_nano.a(libc_a-lock.o)
                              /Applications/STM32CubeIDE.app/Contents/Eclipse/plugins/com.st.stm32cube.ide.mcu.externaltools.gnu-tools-for-stm32.13.3.rel1.macos64_1.0.100.202509120712/tools/bin/../lib/gcc/arm-none-eabi/13.3.1/../../../../arm-none-eabi/lib/thumb/v7e-m+dp/hard/libc_nano.a(libc_a-findfp.o) (__retarget_lock_init_recursive)
/Applications/STM32CubeIDE.app/Contents/Eclipse/plugins/com.st.stm32cube.ide.mcu.externaltools.gnu-tools-for-stm32.13.3.rel1.macos64_1.0.100.202509120712/tools/bin/../lib/gcc/arm-none-eabi/13.3.1/../../../../arm-none-eabi/lib/thumb/v7e-m+dp/hard/libc_nano.a(libc_a-impure.o)
                              /Applications/STM32CubeIDE.app/Contents/Eclipse/plugins/com.st.stm32cube.ide.mcu.externaltools.gnu-tools-for-stm32.13.3.rel1.macos64_1.0.100.202509120712/tools/bin/../lib/gcc/arm-none-eabi/13.3.1/../../../../arm-none-eabi/lib/thumb/v7e-m+dp/hard/libc_nano.a(libc_a-sprintf.o) (_impure_ptr)
[...]
Memory Configuration

Name             Origin             Length             Attributes
FLASH            0x08000000         0x00080000         xr
FLASH2           0x08100000         0x00080000         xr
DTCMRAM          0x20000000         0x00020000         xrw
RAM_D1           0x24000000         0x00080000         xrw
RAM_D2           0x30000000         0x00048000         xrw
RAM_D3           0x38000000         0x00010000         xrw
ITCMRAM          0x00000000         0x00010000         xrw
*default*        0x00000000         0xffffffff

Linker script and memory map

LOAD /Applications/STM32CubeIDE.app/Contents/Eclipse/plugins/com.st.stm32cube.ide.mcu.externaltools.gnu-tools-for-stm32.13.3.rel1.macos64_1.0.100.202509120712/tools/bin/../lib/gcc/arm-none-eabi/13.3.1/thumb/v7e-m+dp/hard/crti.o
LOAD /Applications/STM32CubeIDE.app/Contents/Eclipse/plugins/com.st.stm32cube.ide.mcu.externaltools.gnu-tools-for-stm32.13.3.rel1.macos64_1.0.100.202509120712/tools/bin/../lib/gcc/arm-none-eabi/13.3.1/thumb/v7e-m+dp/hard/crtbegin.o
LOAD /Applications/STM32CubeIDE.app/Contents/Eclipse/plugins/com.st.stm32cube.ide.mcu.externaltools.gnu-tools-for-stm32.13.3.rel1.macos64_1.0.100.202509120712/tools/bin/../lib/gcc/arm-none-eabi/13.3.1/../../../../arm-none-eabi/lib/thumb/v7e-m+dp/hard/crt0.o
LOAD ./Core/Src/FATFS_SD.o
LOAD ./Core/Src/airbrakes.o
LOAD ./Core/Src/commands.o
LOAD ./Core/Src/fsm.o
LOAD ./Core/Src/kalman_filter.o
LOAD ./Core/Src/main.o
LOAD ./Core/Src/sd_card.o
LOAD ./Core/Src/sensors.o
LOAD ./Core/Src/stm32h7xx_hal_msp.o
LOAD ./Core/Src/stm32h7xx_it.o
LOAD ./Core/Src/syscalls.o
LOAD ./Core/Src/sysmem.o
LOAD ./Core/Src/system_stm32h7xx.o
LOAD ./Core/Src/telemetry.o
LOAD ./Core/Startup/startup_stm32h743vgtx.o
LOAD ./Drivers/STM32H7xx_HAL_Driver/Src/stm32h7xx_hal.o
LOAD ./Drivers/STM32H7xx_HAL_Driver/Src/stm32h7xx_hal_cortex.o
LOAD ./Drivers/STM32H7xx_HAL_Driver/Src/stm32h7xx_hal_dma.o
LOAD ./Drivers/STM32H7xx_HAL_Driver/Src/stm32h7xx_hal_dma_ex.o
LOAD ./Drivers/STM32H7xx_HAL_Driver/Src/stm32h7xx_hal_exti.o
LOAD ./Drivers/STM32H7xx_HAL_Driver/Src/stm32h7xx_hal_flash.o
LOAD ./Drivers/STM32H7xx_HAL_Driver/Src/stm32h7xx_hal_flash_ex.o
LOAD ./Drivers/STM32H7xx_HAL_Driver/Src/stm32h7xx_hal_gpio.o
LOAD ./Drivers/STM32H7xx_HAL_Driver/Src/stm32h7xx_hal_hsem.o
LOAD ./Drivers/STM32H7xx_HAL_Driver/Src/stm32h7xx_hal_i2c.o
LOAD ./Drivers/STM32H7xx_HAL_Driver/Src/stm32h7xx_hal_i2c_ex.o
LOAD ./Drivers/STM32H7xx_HAL_Driver/Src/stm32h7xx_hal_mdma.o
LOAD ./Drivers/STM32H7xx_HAL_Driver/Src/stm32h7xx_hal_pcd.o
LOAD ./Drivers/STM32H7xx_HAL_Driver/Src/stm32h7xx_hal_pcd_ex.o
LOAD ./Drivers/STM32H7xx_HAL_Driver/Src/stm32h7xx_hal_pwr.o
LOAD ./Drivers/STM32H7xx_HAL_Driver/Src/stm32h7xx_hal_pwr_ex.o
LOAD ./Drivers/STM32H7xx_HAL_Driver/Src/stm32h7xx_hal_rcc.o
LOAD ./Drivers/STM32H7xx_HAL_Driver/Src/stm32h7xx_hal_rcc_ex.o
LOAD ./Drivers/STM32H7xx_HAL_Driver/Src/stm32h7xx_hal_spi.o
LOAD ./Drivers/STM32H7xx_HAL_Driver/Src/stm32h7xx_hal_spi_ex.o
LOAD ./Drivers/STM32H7xx_HAL_Driver/Src/stm32h7xx_hal_tim.o
LOAD ./Drivers/STM32H7xx_HAL_Driver/Src/stm32h7xx_hal_tim_ex.o
LOAD ./Drivers/STM32H7xx_HAL_Driver/Src/stm32h7xx_hal_uart.o
LOAD ./Drivers/STM32H7xx_HAL_Driver/Src/stm32h7xx_hal_uart_ex.o
LOAD ./Drivers/STM32H7xx_HAL_Driver/Src/stm32h7xx_ll_usb.o
LOAD ./FATFS/App/fatfs.o
LOAD ./FATFS/Target/user_diskio.o
LOAD ./Middlewares/Third_Party/FatFs/src/diskio.o
LOAD ./Middlewares/Third_Party/FatFs/src/ff.o
LOAD ./Middlewares/Third_Party/FatFs/src/ff_gen_drv.o
LOAD ./Middlewares/Third_Party/FatFs/src/option/ccsbcs.o
LOAD ./Middlewares/Third_Party/FatFs/src/option/syscall.o
START GROUP
LOAD /Applications/STM32CubeIDE.app/Contents/Eclipse/plugins/com.st.stm32cube.ide.mcu.externaltools.gnu-tools-for-stm32.13.3.rel1.macos64_1.0.100.202509120712/tools/bin/../lib/gcc/arm-none-eabi/13.3.1/../../../../arm-none-eabi/lib/thumb/v7e-m+dp/hard/libc_nano.a
LOAD /Applications/STM32CubeIDE.app/Contents/Eclipse/plugins/com.st.stm32cube.ide.mcu.externaltools.gnu-tools-for-stm32.13.3.rel1.macos64_1.0.100.202509120712/tools/bin/../lib/gcc/arm-none-eabi/13.3.1/../../../../arm-none-eabi/lib/thumb/v7e-m+dp/hard/libm.a
END GROUP
START GROUP
LOAD /Applications/STM32CubeIDE.app/Contents/Eclipse/plugins/com.st.stm32cube.ide.mcu.externaltools.gnu-tools-for-stm32.13.3.rel1.macos64_1.0.100.202509120712/tools/bin/../lib/gcc/arm-none-eabi/13.3.1/thumb/v7e-m+dp/hard/libgcc.a
LOAD /Applications/STM32CubeIDE.app/Contents/Eclipse/plugins/com.st.stm32cube.ide.mcu.externaltools.gnu-tools-for-stm32.13.3.rel1.macos64_1.0.100.202509120712/tools/bin/../lib/gcc/arm-none-eabi/13.3.1/../../../../arm-none-eabi/lib/thumb/v7e-m+dp/hard/libc_nano.a
END GROUP
START GROUP
LOAD /Applications/STM32CubeIDE.app/Contents/Eclipse/plugins/com.st.stm32cube.ide.mcu.externaltools.gnu-tools-for-stm32.13.3.rel1.macos64_1.0.100.202509120712/tools/bin/../lib/gcc/arm-none-eabi/13.3.1/thumb/v7e-m+dp/hard/libgcc.a
LOAD /Applications/STM32CubeIDE.app/Contents/Eclipse/plugins/com.st.stm32cube.ide.mcu.externaltools.gnu-tools-for-stm32.13.3.rel1.macos64_1.0.100.202509120712/tools/bin/../lib/gcc/arm-none-eabi/13.3.1/../../../../arm-none-eabi/lib/thumb/v7e-m+dp/hard/libc_nano.a
LOAD /Applications/STM32CubeIDE.app/Contents/Eclipse/plugins/com.st.stm32cube.ide.mcu.externaltools.gnu-tools-for-stm32.13.3.rel1.macos64_1.0.100.202509120712/tools/bin/../lib/gcc/arm-none-eabi/13.3.1/../../../../arm-none-eabi/lib/thumb/v7e-m+dp/hard/libnosys.a
END GROUP
START GROUP
LOAD /Applications/STM32CubeIDE.app/Contents/Eclipse/plugins/com.st.stm32cube.ide.mcu.externaltools.gnu-tools-for-stm32.13.3.rel1.macos64_1.0.100.202509120712/tools/bin/../lib/gcc/arm-none-eabi/13.3.1/thumb/v7e-m+dp/hard/libgcc.a
LOAD /Applications/STM32CubeIDE.app/Contents/Eclipse/plugins/com.st.stm32cube.ide.mcu.externaltools.gnu-tools-for-stm32.13.3.rel1.macos64_1.0.100.202509120712/tools/bin/../lib/gcc/arm-none-eabi/13.3.1/../../../../arm-none-eabi/lib/thumb/v7e-m+dp/hard/libc_nano.a
LOAD /Applications/STM32CubeIDE.app/Contents/Eclipse/plugins/com.st.stm32cube.ide.mcu.externaltools.gnu-tools-for-stm32.13.3.rel1.macos64_1.0.100.202509120712/tools/bin/../lib/gcc/arm-none-eabi/13.3.1/../../../../arm-none-eabi/lib/thumb/v7e-m+dp/hard/libnosys.a
END GROUP
LOAD /Applications/STM32CubeIDE.app/Contents/Eclipse/plugins/com.st.stm32cube.ide.mcu.externaltools.gnu-tools-for-stm32.13.3.rel1.macos64_1.0.100.202509120712/tools/bin/../lib/gcc/arm-none-eabi/13.3.1/thumb/v7e-m+dp/hard/crtend.o
LOAD /Applications/STM32CubeIDE.app/Contents/Eclipse/plugins/com.st.stm32cube.ide.mcu.externaltools.gnu-tools-for-stm32.13.3.rel1.macos64_1.0.100.202509120712/tools/bin/../lib/gcc/arm-none-eabi/13.3.1/thumb/v7e-m+dp/hard/crtn.o
                0x24080000                        _estack = (ORIGIN (RAM_D1) + LENGTH (RAM_D1))
                0x00000200                        _Min_Heap_Size = 0x200
                0x00000400                        _Min_Stack_Size = 0x400

.isr_vector     0x08000000      0x298
                0x08000000                        . = ALIGN (0x4)
 *(.isr_vector)
 .isr_vector    0x08000000      0x298 ./Core/Startup/startup_stm32h743vgtx.o
                0x08000000                g_pfnVectors
                0x08000298                        . = ALIGN (0x4)

.text           0x080002a0     0x8594
                0x080002a0                        . = ALIGN (0x4)
 *(.text)
 .text          0x080002a0       0x40 /Applications/STM32CubeIDE.app/Contents/Eclipse/plugins/com.st.stm32cube.ide.mcu.externaltools.gnu-tools-for-stm32.13.3.rel1.macos64_1.0.100.202509120712/tools/bin/../lib/gcc/arm-none-eabi/13.3.1/thumb/v7e-m+dp/hard/crtbegin.o
 .text          0x080002e0       0x10 /Applications/STM32CubeIDE.app/Contents/Eclipse/plugins/com.st.stm32cube.ide.mcu.externaltools.gnu-tools-for-stm32.13.3.rel1.macos64_1.0.100.202509120712/tools/bin/../lib/gcc/arm-none-eabi/13.3.1/../../../../arm-none-eabi/lib/thumb/v7e-m+dp/hard/libc_nano.a(libc_a-strlen.o)
                0x080002e0                strlen
 .text          0x080002f0       0xa0 /Applications/STM32CubeIDE.app/Contents/Eclipse/plugins/com.st.stm32cube.ide.mcu.externaltools.gnu-tools-for-stm32.13.3.rel1.macos64_1.0.100.202509120712/tools/bin/../lib/gcc/arm-none-eabi/13.3.1/../../../../arm-none-eabi/lib/thumb/v7e-m+dp/hard/libc_nano.a(libc_a-memchr.o)
                0x080002f0                memchr
 .text          0x08000390       0x30 /Applications/STM32CubeIDE.app/Contents/Eclipse/plugins/com.st.stm32cube.ide.mcu.externaltools.gnu-tools-for-stm32.13.3.rel1.macos64_1.0.100.202509120712/tools/bin/../lib/gcc/arm-none-eabi/13.3.1/thumb/v7e-m+dp/hard/libgcc.a(_aeabi_uldivmod.o)
                0x08000390                __aeabi_uldivmod
 .text          0x080003c0      0x2f8 /Applications/STM32CubeIDE.app/Contents/Eclipse/plugins/com.st.stm32cube.ide.mcu.externaltools.gnu-tools-for-stm32.13.3.rel1.macos64_1.0.100.202509120712/tools/bin/../lib/gcc/arm-none-eabi/13.3.1/thumb/v7e-m+dp/hard/libgcc.a(_udivmoddi4.o)
                0x080003c0                __udivmoddi4
 .text          0x080006b8        0x4 /Applications/STM32CubeIDE.app/Contents/Eclipse/plugins/com.st.stm32cube.ide.mcu.externaltools.gnu-tools-for-stm32.13.3.rel1.macos64_1.0.100.202509120712/tools/bin/../lib/gcc/arm-none-eabi/13.3.1/thumb/v7e-m+dp/hard/libgcc.a(_dvmd_tls.o)
                0x080006b8                __aeabi_ldiv0
                0x080006b8                __aeabi_idiv0
 *(.text*)
 .text.SELECT   0x080006bc       0x18 ./Core/Src/FATFS_SD.o
 .text.DESELECT
                0x080006d4       0x18 ./Core/Src/FATFS_SD.o
 .text.SPI_TxByte
                0x080006ec       0x34 ./Core/Src/FATFS_SD.o
 .text.SPI_TxBuffer
                0x08000720       0x34 ./Core/Src/FATFS_SD.o
 .text.SPI_RxByte
                0x08000754       0x38 ./Core/Src/FATFS_SD.o
 .text.SPI_RxBytePtr
                0x0800078c       0x1c ./Core/Src/FATFS_SD.o
 .text.SD_ReadyWait
                0x080007a8       0x34 ./Core/Src/FATFS_SD.o
 .text.SD_PowerOn
                0x080007dc       0x84 ./Core/Src/FATFS_SD.o
 .text.SD_PowerOff
                0x08000860       0x18 ./Core/Src/FATFS_SD.o
 .text.SD_CheckPower
                0x08000878       0x18 ./Core/Src/FATFS_SD.o
 .text.SD_RxDataBlock
                0x08000890       0x5c ./Core/Src/FATFS_SD.o
 .text.SD_TxDataBlock
                0x080008ec       0x86 ./Core/Src/FATFS_SD.o
 .text.SD_SendCmd
                0x08000972       0xa8 ./Core/Src/FATFS_SD.o
 *fill*         0x08000a1a        0x2 
 .text.SD_disk_initialize
                0x08000a1c      0x1cc ./Core/Src/FATFS_SD.o
                0x08000a1c                SD_disk_initialize
 .text.SD_disk_status
                0x08000be8       0x2c ./Core/Src/FATFS_SD.o
                0x08000be8                SD_disk_status
 .text.SD_disk_read
                0x08000c14       0xd4 ./Core/Src/FATFS_SD.o
                0x08000c14                SD_disk_read
 .text.SD_disk_write
                0x08000ce8      0x108 ./Core/Src/FATFS_SD.o
                0x08000ce8                SD_disk_write
 .text.SD_disk_ioctl
                0x08000df0      0x254 ./Core/Src/FATFS_SD.o
                0x08000df0                SD_disk_ioctl
 .text.Calculate_Altitude
                0x08001044       0x60 ./Core/Src/main.o
                0x08001044                Calculate_Altitude
 .text.Send_CSV_Header
                0x080010a4       0x30 ./Core/Src/main.o
                0x080010a4                Send_CSV_Header
 .text.Send_CSV_Data
                0x080010d4       0x74 ./Core/Src/main.o
                0x080010d4                Send_CSV_Data
 .text.main     0x08001148      0x1b0 ./Core/Src/main.o
                0x08001148                main
 .text.SystemClock_Config
                0x080012f8      0x100 ./Core/Src/main.o
                0x080012f8                SystemClock_Config
 .text.MX_SPI1_Init
                0x080013f8       0xac ./Core/Src/main.o
 .text.MX_USART3_UART_Init
                0x080014a4       0x98 ./Core/Src/main.o
 .text.MX_GPIO_Init
                0x0800153c      0x130 ./Core/Src/main.o
 .text.MPU_Config
                0x0800166c       0x58 ./Core/Src/main.o
 .text.Error_Handler
                0x080016c4        0xc ./Core/Src/main.o
                0x080016c4                Error_Handler
 .text.SPI_CS_LOW
                0x080016d0       0x20 ./Core/Src/sensors.o
 .text.SPI_CS_HIGH
                0x080016f0       0x20 ./Core/Src/sensors.o
 .text.SPI_Read
                0x08001710       0x5a ./Core/Src/sensors.o
 .text.SPI_Write
                0x0800176a       0x52 ./Core/Src/sensors.o
 .text.init_sensors
                0x080017bc       0x30 ./Core/Src/sensors.o
                0x080017bc                init_sensors
 .text.read_sensors
                0x080017ec       0x16 ./Core/Src/sensors.o
                0x080017ec                read_sensors
 *fill*         0x08001802        0x2 
 .text.LPS22HH_Init
                0x08001804       0x68 ./Core/Src/sensors.o
                0x08001804                LPS22HH_Init
 .text.LPS22HH_Read
                0x0800186c       0xa4 ./Core/Src/sensors.o
                0x0800186c                LPS22HH_Read
 .text.LPS22HH_WhoAmI
                0x08001910       0x3c ./Core/Src/sensors.o
                0x08001910                LPS22HH_WhoAmI
 .text.LPS22HH_ReadReg
                0x0800194c       0x44 ./Core/Src/sensors.o
                0x0800194c                LPS22HH_ReadReg
 .text.HAL_MspInit
                0x08001990       0x34 ./Core/Src/stm32h7xx_hal_msp.o
                0x08001990                HAL_MspInit
 .text.HAL_SPI_MspInit
                0x080019c4       0xd0 ./Core/Src/stm32h7xx_hal_msp.o
                0x080019c4                HAL_SPI_MspInit
 .text.HAL_UART_MspInit
                0x08001a94      0x214 ./Core/Src/stm32h7xx_hal_msp.o
                0x08001a94                HAL_UART_MspInit
 .text.NMI_Handler
                0x08001ca8        0x8 ./Core/Src/stm32h7xx_it.o
                0x08001ca8                NMI_Handler
 .text.HardFault_Handler
                0x08001cb0        0x8 ./Core/Src/stm32h7xx_it.o
                0x08001cb0                HardFault_Handler
 .text.MemManage_Handler
                0x08001cb8        0x8 ./Core/Src/stm32h7xx_it.o
                0x08001cb8                MemManage_Handler
 .text.BusFault_Handler
                0x08001cc0        0x8 ./Core/Src/stm32h7xx_it.o
                0x08001cc0                BusFault_Handler
 .text.UsageFault_Handler
                0x08001cc8        0x8 ./Core/Src/stm32h7xx_it.o
                0x08001cc8                UsageFault_Handler
 .text.SVC_Handler
                0x08001cd0        0xe ./Core/Src/stm32h7xx_it.o
                0x08001cd0                SVC_Handler
 .text.DebugMon_Handler
                0x08001cde        0xe ./Core/Src/stm32h7xx_it.o
                0x08001cde                DebugMon_Handler
 .text.PendSV_Handler
                0x08001cec        0xe ./Core/Src/stm32h7xx_it.o
                0x08001cec                PendSV_Handler
 *fill*         0x08001cfa        0x2 
 .text.SysTick_Handler
                0x08001cfc       0x3c ./Core/Src/stm32h7xx_it.o
                0x08001cfc                SysTick_Handler
 .text._sbrk    0x08001d38       0x6c ./Core/Src/sysmem.o
                0x08001d38                _sbrk
 .text.SystemInit
                0x08001da4      0x110 ./Core/Src/system_stm32h7xx.o
                0x08001da4                SystemInit
 .text.Reset_Handler
                0x08001eb4       0x50 ./Core/Startup/startup_stm32h743vgtx.o
                0x08001eb4                Reset_Handler
 .text.Default_Handler
                0x08001f04        0x2 ./Core/Startup/startup_stm32h743vgtx.o
                0x08001f04                DMA1_Stream3_IRQHandler
                0x08001f04                EXTI2_IRQHandler
                0x08001f04                TIM8_CC_IRQHandler
                0x08001f04                HRTIM1_Master_IRQHandler
                0x08001f04                UART8_IRQHandler
                0x08001f04                SPI4_IRQHandler
                0x08001f04                TIM1_CC_IRQHandler
                0x08001f04                BDMA_Channel6_IRQHandler
                0x08001f04                DMA2_Stream5_IRQHandler
                0x08001f04                HRTIM1_FLT_IRQHandler
                0x08001f04                JPEG_IRQHandler
                0x08001f04                DMA1_Stream5_IRQHandler
                0x08001f04                BDMA_Channel1_IRQHandler
                0x08001f04                HRTIM1_TIMD_IRQHandler
                0x08001f04                TAMP_STAMP_IRQHandler
                0x08001f04                EXTI3_IRQHandler
                0x08001f04                LPTIM4_IRQHandler
                0x08001f04                TIM8_TRG_COM_TIM14_IRQHandler
                0x08001f04                LPTIM2_IRQHandler
                0x08001f04                DFSDM1_FLT1_IRQHandler
                0x08001f04                DMAMUX2_OVR_IRQHandler
                0x08001f04                TIM8_UP_TIM13_IRQHandler
                0x08001f04                I2C3_ER_IRQHandler
                0x08001f04                DFSDM1_FLT2_IRQHandler
                0x08001f04                MDMA_IRQHandler
                0x08001f04                LPTIM3_IRQHandler
                0x08001f04                HSEM1_IRQHandler
                0x08001f04                EXTI0_IRQHandler
                0x08001f04                I2C2_EV_IRQHandler
                0x08001f04                DMA1_Stream2_IRQHandler
                0x08001f04                FPU_IRQHandler
                0x08001f04                OTG_HS_WKUP_IRQHandler
                0x08001f04                FDCAN1_IT1_IRQHandler
                0x08001f04                LTDC_ER_IRQHandler
                0x08001f04                DMA2_Stream2_IRQHandler
                0x08001f04                HRTIM1_TIME_IRQHandler
                0x08001f04                SPI1_IRQHandler
                0x08001f04                TIM6_DAC_IRQHandler
                0x08001f04                DCMI_IRQHandler
                0x08001f04                HRTIM1_TIMC_IRQHandler
                0x08001f04                DMA2_Stream3_IRQHandler
                0x08001f04                SAI2_IRQHandler
                0x08001f04                DFSDM1_FLT3_IRQHandler
                0x08001f04                USART6_IRQHandler
                0x08001f04                TIM17_IRQHandler
                0x08001f04                USART3_IRQHandler
                0x08001f04                BDMA_Channel7_IRQHandler
                0x08001f04                LPTIM5_IRQHandler
                0x08001f04                UART5_IRQHandler
                0x08001f04                ADC3_IRQHandler
                0x08001f04                DMA2_Stream0_IRQHandler
                0x08001f04                TIM4_IRQHandler
                0x08001f04                BDMA_Channel2_IRQHandler
                0x08001f04                QUADSPI_IRQHandler
                0x08001f04                I2C1_EV_IRQHandler
                0x08001f04                DMA1_Stream6_IRQHandler
                0x08001f04                DMAMUX1_OVR_IRQHandler
                0x08001f04                DMA1_Stream1_IRQHandler
                0x08001f04                TIM16_IRQHandler
                0x08001f04                UART4_IRQHandler
                0x08001f04                BDMA_Channel5_IRQHandler
                0x08001f04                TIM3_IRQHandler
                0x08001f04                RCC_IRQHandler
                0x08001f04                TIM8_BRK_TIM12_IRQHandler
                0x08001f04                TIM1_TRG_COM_IRQHandler
                0x08001f04                Default_Handler
                0x08001f04                ECC_IRQHandler
                0x08001f04                CEC_IRQHandler
                0x08001f04                EXTI15_10_IRQHandler
                0x08001f04                BDMA_Channel0_IRQHandler
                0x08001f04                ADC_IRQHandler
                0x08001f04                DMA1_Stream7_IRQHandler
                0x08001f04                HRTIM1_TIMA_IRQHandler
                0x08001f04                SPI5_IRQHandler
                0x08001f04                TIM7_IRQHandler
                0x08001f04                SDMMC1_IRQHandler
                0x08001f04                TIM5_IRQHandler
                0x08001f04                DMA2_Stream7_IRQHandler
                0x08001f04                TIM15_IRQHandler
                0x08001f04                PVD_AVD_IRQHandler
                0x08001f04                I2C3_EV_IRQHandler
                0x08001f04                EXTI9_5_IRQHandler
                0x08001f04                RTC_WKUP_IRQHandler
                0x08001f04                LTDC_IRQHandler
                0x08001f04                SAI3_IRQHandler
                0x08001f04                ETH_WKUP_IRQHandler
                0x08001f04                SPDIF_RX_IRQHandler
                0x08001f04                SPI2_IRQHandler
                0x08001f04                OTG_HS_EP1_IN_IRQHandler
                0x08001f04                DMA1_Stream0_IRQHandler
                0x08001f04                CRS_IRQHandler
                0x08001f04                EXTI4_IRQHandler
                0x08001f04                RNG_IRQHandler
                0x08001f04                HRTIM1_TIMB_IRQHandler
                0x08001f04                FDCAN2_IT1_IRQHandler
                0x08001f04                ETH_IRQHandler
                0x08001f04                TIM1_UP_IRQHandler
                0x08001f04                BDMA_Channel4_IRQHandler
                0x08001f04                OTG_HS_EP1_OUT_IRQHandler
                0x08001f04                WWDG_IRQHandler
                0x08001f04                SPI6_IRQHandler
                0x08001f04                MDIOS_IRQHandler
                0x08001f04                I2C4_EV_IRQHandler
                0x08001f04                FDCAN2_IT0_IRQHandler
                0x08001f04                LPUART1_IRQHandler
                0x08001f04                FDCAN1_IT0_IRQHandler
                0x08001f04                TIM2_IRQHandler
                0x08001f04                OTG_FS_WKUP_IRQHandler
                0x08001f04                OTG_HS_IRQHandler
                0x08001f04                DMA2D_IRQHandler
                0x08001f04                TIM1_BRK_IRQHandler
                0x08001f04                EXTI1_IRQHandler
                0x08001f04                SDMMC2_IRQHandler
                0x08001f04                OTG_FS_EP1_OUT_IRQHandler
                0x08001f04                BDMA_Channel3_IRQHandler
                0x08001f04                UART7_IRQHandler
                0x08001f04                MDIOS_WKUP_IRQHandler
                0x08001f04                USART2_IRQHandler
                0x08001f04                DFSDM1_FLT0_IRQHandler
                0x08001f04                SAI4_IRQHandler
                0x08001f04                I2C2_ER_IRQHandler
                0x08001f04                DMA2_Stream1_IRQHandler
                0x08001f04                FLASH_IRQHandler
                0x08001f04                DMA2_Stream4_IRQHandler
                0x08001f04                USART1_IRQHandler
                0x08001f04                OTG_FS_IRQHandler
                0x08001f04                SPI3_IRQHandler
                0x08001f04                WAKEUP_PIN_IRQHandler
                0x08001f04                DMA1_Stream4_IRQHandler
                0x08001f04                OTG_FS_EP1_IN_IRQHandler
                0x08001f04                I2C1_ER_IRQHandler
                0x08001f04                FMC_IRQHandler
                0x08001f04                FDCAN_CAL_IRQHandler
                0x08001f04                SWPMI1_IRQHandler
                0x08001f04                COMP1_IRQHandler
                0x08001f04                LPTIM1_IRQHandler
                0x08001f04                I2C4_ER_IRQHandler
                0x08001f04                DMA2_Stream6_IRQHandler
                0x08001f04                SAI1_IRQHandler
                0x08001f04                RTC_Alarm_IRQHandler
 *fill*         0x08001f06        0x2 
 .text.HAL_Init
                0x08001f08       0x78 ./Drivers/STM32H7xx_HAL_Driver/Src/stm32h7xx_hal.o
                0x08001f08                HAL_Init
 .text.HAL_InitTick
                0x08001f80       0x6c ./Drivers/STM32H7xx_HAL_Driver/Src/stm32h7xx_hal.o
                0x08001f80                HAL_InitTick
 .text.HAL_IncTick
                0x08001fec       0x28 ./Drivers/STM32H7xx_HAL_Driver/Src/stm32h7xx_hal.o
                0x08001fec                HAL_IncTick
 .text.HAL_GetTick
                0x08002014       0x18 ./Drivers/STM32H7xx_HAL_Driver/Src/stm32h7xx_hal.o
                0x08002014                HAL_GetTick
 .text.HAL_Delay
                0x0800202c       0x48 ./Drivers/STM32H7xx_HAL_Driver/Src/stm32h7xx_hal.o
                0x0800202c                HAL_Delay
 .text.HAL_GetREVID
                0x08002074       0x18 ./Drivers/STM32H7xx_HAL_Driver/Src/stm32h7xx_hal.o
                0x08002074                HAL_GetREVID
 .text.__NVIC_SetPriorityGrouping
                0x0800208c       0x48 ./Drivers/STM32H7xx_HAL_Driver/Src/stm32h7xx_hal_cortex.o
 .text.__NVIC_GetPriorityGrouping
                0x080020d4       0x1c ./Drivers/STM32H7xx_HAL_Driver/Src/stm32h7xx_hal_cortex.o
 .text.__NVIC_SetPriority
                0x080020f0       0x54 ./Drivers/STM32H7xx_HAL_Driver/Src/stm32h7xx_hal_cortex.o
 .text.NVIC_EncodePriority
                0x08002144       0x66 ./Drivers/STM32H7xx_HAL_Driver/Src/stm32h7xx_hal_cortex.o
 *fill*         0x080021aa        0x2 
 .text.SysTick_Config
                0x080021ac       0x44 ./Drivers/STM32H7xx_HAL_Driver/Src/stm32h7xx_hal_cortex.o
 .text.HAL_NVIC_SetPriorityGrouping
                0x080021f0       0x16 ./Drivers/STM32H7xx_HAL_Driver/Src/stm32h7xx_hal_cortex.o
                0x080021f0                HAL_NVIC_SetPriorityGrouping
 .text.HAL_NVIC_SetPriority
                0x08002206       0x34 ./Drivers/STM32H7xx_HAL_Driver/Src/stm32h7xx_hal_cortex.o
                0x08002206                HAL_NVIC_SetPriority
 .text.HAL_SYSTICK_Config
                0x0800223a       0x18 ./Drivers/STM32H7xx_HAL_Driver/Src/stm32h7xx_hal_cortex.o
                0x0800223a                HAL_SYSTICK_Config
 *fill*         0x08002252        0x2 
 .text.HAL_MPU_Disable
                0x08002254       0x30 ./Drivers/STM32H7xx_HAL_Driver/Src/stm32h7xx_hal_cortex.o
                0x08002254                HAL_MPU_Disable
 .text.HAL_MPU_Enable
                0x08002284       0x40 ./Drivers/STM32H7xx_HAL_Driver/Src/stm32h7xx_hal_cortex.o
                0x08002284                HAL_MPU_Enable
 .text.HAL_MPU_ConfigRegion
                0x080022c4       0x80 ./Drivers/STM32H7xx_HAL_Driver/Src/stm32h7xx_hal_cortex.o
                0x080022c4                HAL_MPU_ConfigRegion
 .text.HAL_GPIO_Init
                0x08002344      0x360 ./Drivers/STM32H7xx_HAL_Driver/Src/stm32h7xx_hal_gpio.o
                0x08002344                HAL_GPIO_Init
 .text.HAL_GPIO_WritePin
                0x080026a4       0x32 ./Drivers/STM32H7xx_HAL_Driver/Src/stm32h7xx_hal_gpio.o
                0x080026a4                HAL_GPIO_WritePin
 .text.HAL_GPIO_TogglePin
                0x080026d6       0x34 ./Drivers/STM32H7xx_HAL_Driver/Src/stm32h7xx_hal_gpio.o
                0x080026d6                HAL_GPIO_TogglePin
 *fill*         0x0800270a        0x2 
 .text.HAL_PWREx_ConfigSupply
                0x0800270c       0x74 ./Drivers/STM32H7xx_HAL_Driver/Src/stm32h7xx_hal_pwr_ex.o
                0x0800270c                HAL_PWREx_ConfigSupply
 .text.HAL_RCC_OscConfig
                0x08002780      0x8b4 ./Drivers/STM32H7xx_HAL_Driver/Src/stm32h7xx_hal_rcc.o
                0x08002780                HAL_RCC_OscConfig
 .text.HAL_RCC_ClockConfig
                0x08003034      0x36c ./Drivers/STM32H7xx_HAL_Driver/Src/stm32h7xx_hal_rcc.o
                0x08003034                HAL_RCC_ClockConfig
 .text.HAL_RCC_GetSysClockFreq
                0x080033a0      0x2f4 ./Drivers/STM32H7xx_HAL_Driver/Src/stm32h7xx_hal_rcc.o
                0x080033a0                HAL_RCC_GetSysClockFreq
 .text.HAL_RCC_GetHCLKFreq
                0x08003694       0x60 ./Drivers/STM32H7xx_HAL_Driver/Src/stm32h7xx_hal_rcc.o
                0x08003694                HAL_RCC_GetHCLKFreq
 .text.HAL_RCC_GetPCLK1Freq
                0x080036f4       0x2c ./Drivers/STM32H7xx_HAL_Driver/Src/stm32h7xx_hal_rcc.o
                0x080036f4                HAL_RCC_GetPCLK1Freq
 .text.HAL_RCC_GetPCLK2Freq
                0x08003720       0x2c ./Drivers/STM32H7xx_HAL_Driver/Src/stm32h7xx_hal_rcc.o
                0x08003720                HAL_RCC_GetPCLK2Freq
 .text.HAL_RCCEx_PeriphCLKConfig
                0x0800374c     0x1414 ./Drivers/STM32H7xx_HAL_Driver/Src/stm32h7xx_hal_rcc_ex.o
                0x0800374c                HAL_RCCEx_PeriphCLKConfig
 .text.HAL_RCCEx_GetD3PCLK1Freq
                0x08004b60       0x2c ./Drivers/STM32H7xx_HAL_Driver/Src/stm32h7xx_hal_rcc_ex.o
                0x08004b60                HAL_RCCEx_GetD3PCLK1Freq
 .text.HAL_RCCEx_GetPLL2ClockFreq
                0x08004b8c      0x2a8 ./Drivers/STM32H7xx_HAL_Driver/Src/stm32h7xx_hal_rcc_ex.o
                0x08004b8c                HAL_RCCEx_GetPLL2ClockFreq
 .text.HAL_RCCEx_GetPLL3ClockFreq
                0x08004e34      0x2a8 ./Drivers/STM32H7xx_HAL_Driver/Src/stm32h7xx_hal_rcc_ex.o
                0x08004e34                HAL_RCCEx_GetPLL3ClockFreq
 .text.RCCEx_PLL2_Config
                0x080050dc      0x164 ./Drivers/STM32H7xx_HAL_Driver/Src/stm32h7xx_hal_rcc_ex.o
 .text.RCCEx_PLL3_Config
                0x08005240      0x164 ./Drivers/STM32H7xx_HAL_Driver/Src/stm32h7xx_hal_rcc_ex.o
 .text.HAL_SPI_Init
                0x080053a4      0x248 ./Drivers/STM32H7xx_HAL_Driver/Src/stm32h7xx_hal_spi.o
                0x080053a4                HAL_SPI_Init
 .text.HAL_SPI_Transmit
                0x080055ec      0x3dc ./Drivers/STM32H7xx_HAL_Driver/Src/stm32h7xx_hal_spi.o
                0x080055ec                HAL_SPI_Transmit
 .text.HAL_SPI_Receive
                0x080059c8      0x4e4 ./Drivers/STM32H7xx_HAL_Driver/Src/stm32h7xx_hal_spi.o
                0x080059c8                HAL_SPI_Receive
 .text.HAL_SPI_TransmitReceive
                0x08005eac      0x674 ./Drivers/STM32H7xx_HAL_Driver/Src/stm32h7xx_hal_spi.o
                0x08005eac                HAL_SPI_TransmitReceive
 .text.SPI_CloseTransfer
                0x08006520      0x140 ./Drivers/STM32H7xx_HAL_Driver/Src/stm32h7xx_hal_spi.o
 .text.SPI_WaitOnFlagUntilTimeout
                0x08006660       0x5c ./Drivers/STM32H7xx_HAL_Driver/Src/stm32h7xx_hal_spi.o
 .text.SPI_GetPacketSize
                0x080066bc       0x36 ./Drivers/STM32H7xx_HAL_Driver/Src/stm32h7xx_hal_spi.o
 .text.HAL_UART_Init
                0x080066f2       0xa0 ./Drivers/STM32H7xx_HAL_Driver/Src/stm32h7xx_hal_uart.o
                0x080066f2                HAL_UART_Init
 .text.HAL_UART_Transmit
                0x08006792      0x11c ./Drivers/STM32H7xx_HAL_Driver/Src/stm32h7xx_hal_uart.o
                0x08006792                HAL_UART_Transmit
 *fill*         0x080068ae        0x2 
 .text.UART_SetConfig
                0x080068b0      0xad0 ./Drivers/STM32H7xx_HAL_Driver/Src/stm32h7xx_hal_uart.o
                0x080068b0                UART_SetConfig
 .text.UART_AdvFeatureConfig
                0x08007380      0x144 ./Drivers/STM32H7xx_HAL_Driver/Src/stm32h7xx_hal_uart.o
                0x08007380                UART_AdvFeatureConfig
 .text.UART_CheckIdleState
                0x080074c4      0x154 ./Drivers/STM32H7xx_HAL_Driver/Src/stm32h7xx_hal_uart.o
                0x080074c4                UART_CheckIdleState
 .text.UART_WaitOnFlagUntilTimeout
                0x08007618       0xda ./Drivers/STM32H7xx_HAL_Driver/Src/stm32h7xx_hal_uart.o
                0x08007618                UART_WaitOnFlagUntilTimeout
 *fill*         0x080076f2        0x2 
 .text.UART_EndRxTransfer
                0x080076f4       0xcc ./Drivers/STM32H7xx_HAL_Driver/Src/stm32h7xx_hal_uart.o
 .text.HAL_UARTEx_DisableFifoMode
                0x080077c0       0x72 ./Drivers/STM32H7xx_HAL_Driver/Src/stm32h7xx_hal_uart_ex.o
                0x080077c0                HAL_UARTEx_DisableFifoMode
 .text.HAL_UARTEx_SetTxFifoThreshold
                0x08007832       0x7c ./Drivers/STM32H7xx_HAL_Driver/Src/stm32h7xx_hal_uart_ex.o
                0x08007832                HAL_UARTEx_SetTxFifoThreshold
 .text.HAL_UARTEx_SetRxFifoThreshold
                0x080078ae       0x7c ./Drivers/STM32H7xx_HAL_Driver/Src/stm32h7xx_hal_uart_ex.o
                0x080078ae                HAL_UARTEx_SetRxFifoThreshold
 *fill*         0x0800792a        0x2 
 .text.UARTEx_SetNbDataToProcess
                0x0800792c       0x9c ./Drivers/STM32H7xx_HAL_Driver/Src/stm32h7xx_hal_uart_ex.o
 .text.MX_FATFS_Init
                0x080079c8       0x24 ./FATFS/App/fatfs.o
                0x080079c8                MX_FATFS_Init
 .text.USER_initialize
                0x080079ec       0x1c ./FATFS/Target/user_diskio.o
                0x080079ec                USER_initialize
 .text.USER_status
                0x08007a08       0x1c ./FATFS/Target/user_diskio.o
                0x08007a08                USER_status
 .text.USER_read
                0x08007a24       0x26 ./FATFS/Target/user_diskio.o
                0x08007a24                USER_read
 .text.USER_write
                0x08007a4a       0x26 ./FATFS/Target/user_diskio.o
                0x08007a4a                USER_write
 .text.USER_ioctl
                0x08007a70       0x26 ./FATFS/Target/user_diskio.o
                0x08007a70                USER_ioctl
 *fill*         0x08007a96        0x2 
 .text.FATFS_LinkDriverEx
                0x08007a98       0x98 ./Middlewares/Third_Party/FatFs/src/ff_gen_drv.o
                0x08007a98                FATFS_LinkDriverEx
 .text.FATFS_LinkDriver
                0x08007b30       0x1e ./Middlewares/Third_Party/FatFs/src/ff_gen_drv.o
                0x08007b30                FATFS_LinkDriver
 *fill*         0x08007b4e        0x2 
 .text.sprintf  0x08007b50       0x44 /Applications/STM32CubeIDE.app/Contents/Eclipse/plugins/com.st.stm32cube.ide.mcu.externaltools.gnu-tools-for-stm32.13.3.rel1.macos64_1.0.100.202509120712/tools/bin/../lib/gcc/arm-none-eabi/13.3.1/../../../../arm-none-eabi/lib/thumb/v7e-m+dp/hard/libc_nano.a(libc_a-sprintf.o)
                0x08007b50                sprintf
                0x08007b50                siprintf
 .text.memset   0x08007b94       0x10 /Applications/STM32CubeIDE.app/Contents/Eclipse/plugins/com.st.stm32cube.ide.mcu.externaltools.gnu-tools-for-stm32.13.3.rel1.macos64_1.0.100.202509120712/tools/bin/../lib/gcc/arm-none-eabi/13.3.1/../../../../arm-none-eabi/lib/thumb/v7e-m+dp/hard/libc_nano.a(libc_a-memset.o)
                0x08007b94                memset
 .text.__errno  0x08007ba4        0xc /Applications/STM32CubeIDE.app/Contents/Eclipse/plugins/com.st.stm32cube.ide.mcu.externaltools.gnu-tools-for-stm32.13.3.rel1.macos64_1.0.100.202509120712/tools/bin/../lib/gcc/arm-none-eabi/13.3.1/../../../../arm-none-eabi/lib/thumb/v7e-m+dp/hard/libc_nano.a(libc_a-errno.o)
                0x08007ba4                __errno
 .text.__libc_init_array
                0x08007bb0       0x48 /Applications/STM32CubeIDE.app/Contents/Eclipse/plugins/com.st.stm32cube.ide.mcu.externaltools.gnu-tools-for-stm32.13.3.rel1.macos64_1.0.100.202509120712/tools/bin/../lib/gcc/arm-none-eabi/13.3.1/../../../../arm-none-eabi/lib/thumb/v7e-m+dp/hard/libc_nano.a(libc_a-init.o)
                0x08007bb0                __libc_init_array
 .text.__retarget_lock_acquire_recursive
                0x08007bf8        0x2 /Applications/STM32CubeIDE.app/Contents/Eclipse/plugins/com.st.stm32cube.ide.mcu.externaltools.gnu-tools-for-stm32.13.3.rel1.macos64_1.0.100.202509120712/tools/bin/../lib/gcc/arm-none-eabi/13.3.1/../../../../arm-none-eabi/lib/thumb/v7e-m+dp/hard/libc_nano.a(libc_a-lock.o)
                0x08007bf8                __retarget_lock_acquire_recursive
 .text.__retarget_lock_release_recursive
                0x08007bfa        0x2 /Applications/STM32CubeIDE.app/Contents/Eclipse/plugins/com.st.stm32cube.ide.mcu.externaltools.gnu-tools-for-stm32.13.3.rel1.macos64_1.0.100.202509120712/tools/bin/../lib/gcc/arm-none-eabi/13.3.1/../../../../arm-none-eabi/lib/thumb/v7e-m+dp/hard/libc_nano.a(libc_a-lock.o)
                0x08007bfa                __retarget_lock_release_recursive
 .text.__ssputs_r
                0x08007bfc       0xb6 /Applications/STM32CubeIDE.app/Contents/Eclipse/plugins/com.st.stm32cube.ide.mcu.externaltools.gnu-tools-for-stm32.13.3.rel1.macos64_1.0.100.202509120712/tools/bin/../lib/gcc/arm-none-eabi/13.3.1/../../../../arm-none-eabi/lib/thumb/v7e-m+dp/hard/libc_nano.a(libc_a-nano-svfprintf.o)
                0x08007bfc                __ssputs_r
 *fill*         0x08007cb2        0x2 
 .text._svfprintf_r
                0x08007cb4      0x1f8 /Applications/STM32CubeIDE.app/Contents/Eclipse/plugins/com.st.stm32cube.ide.mcu.externaltools.gnu-tools-for-stm32.13.3.rel1.macos64_1.0.100.202509120712/tools/bin/../lib/gcc/arm-none-eabi/13.3.1/../../../../arm-none-eabi/lib/thumb/v7e-m+dp/hard/libc_nano.a(libc_a-nano-svfprintf.o)
                0x08007cb4                _svfprintf_r
                0x08007cb4                _svfiprintf_r
 .text.sbrk_aligned
                0x08007eac       0x44 /Applications/STM32CubeIDE.app/Contents/Eclipse/plugins/com.st.stm32cube.ide.mcu.externaltools.gnu-tools-for-stm32.13.3.rel1.macos64_1.0.100.202509120712/tools/bin/../lib/gcc/arm-none-eabi/13.3.1/../../../../arm-none-eabi/lib/thumb/v7e-m+dp/hard/libc_nano.a(libc_a-mallocr.o)
 .text._malloc_r
                0x08007ef0      0x100 /Applications/STM32CubeIDE.app/Contents/Eclipse/plugins/com.st.stm32cube.ide.mcu.externaltools.gnu-tools-for-stm32.13.3.rel1.macos64_1.0.100.202509120712/tools/bin/../lib/gcc/arm-none-eabi/13.3.1/../../../../arm-none-eabi/lib/thumb/v7e-m+dp/hard/libc_nano.a(libc_a-mallocr.o)
                0x08007ef0                _malloc_r
 .text._printf_common
                0x08007ff0       0xda /Applications/STM32CubeIDE.app/Contents/Eclipse/plugins/com.st.stm32cube.ide.mcu.externaltools.gnu-tools-for-stm32.13.3.rel1.macos64_1.0.100.202509120712/tools/bin/../lib/gcc/arm-none-eabi/13.3.1/../../../../arm-none-eabi/lib/thumb/v7e-m+dp/hard/libc_nano.a(libc_a-nano-vfprintf_i.o)
                0x08007ff0                _printf_common
 *fill*         0x080080ca        0x2 
 .text._printf_i
                0x080080cc      0x23c /Applications/STM32CubeIDE.app/Contents/Eclipse/plugins/com.st.stm32cube.ide.mcu.externaltools.gnu-tools-for-stm32.13.3.rel1.macos64_1.0.100.202509120712/tools/bin/../lib/gcc/arm-none-eabi/13.3.1/../../../../arm-none-eabi/lib/thumb/v7e-m+dp/hard/libc_nano.a(libc_a-nano-vfprintf_i.o)
                0x080080cc                _printf_i
 .text.__malloc_lock
                0x08008308        0xc /Applications/STM32CubeIDE.app/Contents/Eclipse/plugins/com.st.stm32cube.ide.mcu.externaltools.gnu-tools-for-stm32.13.3.rel1.macos64_1.0.100.202509120712/tools/bin/../lib/gcc/arm-none-eabi/13.3.1/../../../../arm-none-eabi/lib/thumb/v7e-m+dp/hard/libc_nano.a(libc_a-mlock.o)
                0x08008308                __malloc_lock
 .text.__malloc_unlock
                0x08008314        0xc /Applications/STM32CubeIDE.app/Contents/Eclipse/plugins/com.st.stm32cube.ide.mcu.externaltools.gnu-tools-for-stm32.13.3.rel1.macos64_1.0.100.202509120712/tools/bin/../lib/gcc/arm-none-eabi/13.3.1/../../../../arm-none-eabi/lib/thumb/v7e-m+dp/hard/libc_nano.a(libc_a-mlock.o)
                0x08008314                __malloc_unlock
 .text._realloc_r
                0x08008320       0x5c /Applications/STM32CubeIDE.app/Contents/Eclipse/plugins/com.st.stm32cube.ide.mcu.externaltools.gnu-tools-for-stm32.13.3.rel1.macos64_1.0.100.202509120712/tools/bin/../lib/gcc/arm-none-eabi/13.3.1/../../../../arm-none-eabi/lib/thumb/v7e-m+dp/hard/libc_nano.a(libc_a-reallocr.o)
                0x08008320                _realloc_r
 .text.memmove  0x0800837c       0x34 /Applications/STM32CubeIDE.app/Contents/Eclipse/plugins/com.st.stm32cube.ide.mcu.externaltools.gnu-tools-for-stm32.13.3.rel1.macos64_1.0.100.202509120712/tools/bin/../lib/gcc/arm-none-eabi/13.3.1/../../../../arm-none-eabi/lib/thumb/v7e-m+dp/hard/libc_nano.a(libc_a-memmove.o)
                0x0800837c                memmove
 .text._sbrk_r  0x080083b0       0x20 /Applications/STM32CubeIDE.app/Contents/Eclipse/plugins/com.st.stm32cube.ide.mcu.externaltools.gnu-tools-for-stm32.13.3.rel1.macos64_1.0.100.202509120712/tools/bin/../lib/gcc/arm-none-eabi/13.3.1/../../../../arm-none-eabi/lib/thumb/v7e-m+dp/hard/libc_nano.a(libc_a-sbrkr.o)
                0x080083b0                _sbrk_r
 .text.memcpy   0x080083d0       0x1c /Applications/STM32CubeIDE.app/Contents/Eclipse/plugins/com.st.stm32cube.ide.mcu.externaltools.gnu-tools-for-stm32.13.3.rel1.macos64_1.0.100.202509120712/tools/bin/../lib/gcc/arm-none-eabi/13.3.1/../../../../arm-none-eabi/lib/thumb/v7e-m+dp/hard/libc_nano.a(libc_a-memcpy-stub.o)
                0x080083d0                memcpy
 .text._free_r  0x080083ec       0x94 /Applications/STM32CubeIDE.app/Contents/Eclipse/plugins/com.st.stm32cube.ide.mcu.externaltools.gnu-tools-for-stm32.13.3.rel1.macos64_1.0.100.202509120712/tools/bin/../lib/gcc/arm-none-eabi/13.3.1/../../../../arm-none-eabi/lib/thumb/v7e-m+dp/hard/libc_nano.a(libc_a-freer.o)
                0x080083ec                _free_r
 .text._malloc_usable_size_r
                0x08008480       0x10 /Applications/STM32CubeIDE.app/Contents/Eclipse/plugins/com.st.stm32cube.ide.mcu.externaltools.gnu-tools-for-stm32.13.3.rel1.macos64_1.0.100.202509120712/tools/bin/../lib/gcc/arm-none-eabi/13.3.1/../../../../arm-none-eabi/lib/thumb/v7e-m+dp/hard/libc_nano.a(libc_a-msizer.o)
                0x08008480                _malloc_usable_size_r
 .text.checkint
                0x08008490       0x2e /Applications/STM32CubeIDE.app/Contents/Eclipse/plugins/com.st.stm32cube.ide.mcu.externaltools.gnu-tools-for-stm32.13.3.rel1.macos64_1.0.100.202509120712/tools/bin/../lib/gcc/arm-none-eabi/13.3.1/../../../../arm-none-eabi/lib/thumb/v7e-m+dp/hard/libm.a(libm_a-sf_pow.o)
 *fill*         0x080084be        0x2 
 .text.powf     0x080084c0      0x2c0 /Applications/STM32CubeIDE.app/Contents/Eclipse/plugins/com.st.stm32cube.ide.mcu.externaltools.gnu-tools-for-stm32.13.3.rel1.macos64_1.0.100.202509120712/tools/bin/../lib/gcc/arm-none-eabi/13.3.1/../../../../arm-none-eabi/lib/thumb/v7e-m+dp/hard/libm.a(libm_a-sf_pow.o)
                0x080084c0                powf
 .text.with_errnof
                0x08008780       0x1c /Applications/STM32CubeIDE.app/Contents/Eclipse/plugins/com.st.stm32cube.ide.mcu.externaltools.gnu-tools-for-stm32.13.3.rel1.macos64_1.0.100.202509120712/tools/bin/../lib/gcc/arm-none-eabi/13.3.1/../../../../arm-none-eabi/lib/thumb/v7e-m+dp/hard/libm.a(libm_a-math_errf.o)
 .text.xflowf   0x0800879c       0x16 /Applications/STM32CubeIDE.app/Contents/Eclipse/plugins/com.st.stm32cube.ide.mcu.externaltools.gnu-tools-for-stm32.13.3.rel1.macos64_1.0.100.202509120712/tools/bin/../lib/gcc/arm-none-eabi/13.3.1/../../../../arm-none-eabi/lib/thumb/v7e-m+dp/hard/libm.a(libm_a-math_errf.o)
 *fill*         0x080087b2        0x2 
 .text.__math_uflowf
                0x080087b4        0xc /Applications/STM32CubeIDE.app/Contents/Eclipse/plugins/com.st.stm32cube.ide.mcu.externaltools.gnu-tools-for-stm32.13.3.rel1.macos64_1.0.100.202509120712/tools/bin/../lib/gcc/arm-none-eabi/13.3.1/../../../../arm-none-eabi/lib/thumb/v7e-m+dp/hard/libm.a(libm_a-math_errf.o)
                0x080087b4                __math_uflowf
 .text.__math_may_uflowf
                0x080087c0        0xc /Applications/STM32CubeIDE.app/Contents/Eclipse/plugins/com.st.stm32cube.ide.mcu.externaltools.gnu-tools-for-stm32.13.3.rel1.macos64_1.0.100.202509120712/tools/bin/../lib/gcc/arm-none-eabi/13.3.1/../../../../arm-none-eabi/lib/thumb/v7e-m+dp/hard/libm.a(libm_a-math_errf.o)
                0x080087c0                __math_may_uflowf
 .text.__math_oflowf
                0x080087cc        0xc /Applications/STM32CubeIDE.app/Contents/Eclipse/plugins/com.st.stm32cube.ide.mcu.externaltools.gnu-tools-for-stm32.13.3.rel1.macos64_1.0.100.202509120712/tools/bin/../lib/gcc/arm-none-eabi/13.3.1/../../../../arm-none-eabi/lib/thumb/v7e-m+dp/hard/libm.a(libm_a-math_errf.o)
                0x080087cc                __math_oflowf
 .text.__math_divzerof
                0x080087d8       0x24 /Applications/STM32CubeIDE.app/Contents/Eclipse/plugins/com.st.stm32cube.ide.mcu.externaltools.gnu-tools-for-stm32.13.3.rel1.macos64_1.0.100.202509120712/tools/bin/../lib/gcc/arm-none-eabi/13.3.1/../../../../arm-none-eabi/lib/thumb/v7e-m+dp/hard/libm.a(libm_a-math_errf.o)
                0x080087d8                __math_divzerof
 .text.__math_invalidf
                0x080087fc       0x1e /Applications/STM32CubeIDE.app/Contents/Eclipse/plugins/com.st.stm32cube.ide.mcu.externaltools.gnu-tools-for-stm32.13.3.rel1.macos64_1.0.100.202509120712/tools/bin/../lib/gcc/arm-none-eabi/13.3.1/../../../../arm-none-eabi/lib/thumb/v7e-m+dp/hard/libm.a(libm_a-math_errf.o)
                0x080087fc                __math_invalidf
 *(.glue_7)
 .glue_7        0x0800881a        0x0 linker stubs
 *(.glue_7t)
 .glue_7t       0x0800881a        0x0 linker stubs
 *(.eh_frame)
 *fill*         0x0800881a        0x2 
 .eh_frame      0x0800881c        0x0 /Applications/STM32CubeIDE.app/Contents/Eclipse/plugins/com.st.stm32cube.ide.mcu.externaltools.gnu-tools-for-stm32.13.3.rel1.macos64_1.0.100.202509120712/tools/bin/../lib/gcc/arm-none-eabi/13.3.1/thumb/v7e-m+dp/hard/crtbegin.o
 *(.init)
 .init          0x0800881c        0x4 /Applications/STM32CubeIDE.app/Contents/Eclipse/plugins/com.st.stm32cube.ide.mcu.externaltools.gnu-tools-for-stm32.13.3.rel1.macos64_1.0.100.202509120712/tools/bin/../lib/gcc/arm-none-eabi/13.3.1/thumb/v7e-m+dp/hard/crti.o
                0x0800881c                _init
 .init          0x08008820        0x8 /Applications/STM32CubeIDE.app/Contents/Eclipse/plugins/com.st.stm32cube.ide.mcu.externaltools.gnu-tools-for-stm32.13.3.rel1.macos64_1.0.100.202509120712/tools/bin/../lib/gcc/arm-none-eabi/13.3.1/thumb/v7e-m+dp/hard/crtn.o
 *(.fini)
 .fini          0x08008828        0x4 /Applications/STM32CubeIDE.app/Contents/Eclipse/plugins/com.st.stm32cube.ide.mcu.externaltools.gnu-tools-for-stm32.13.3.rel1.macos64_1.0.100.202509120712/tools/bin/../lib/gcc/arm-none-eabi/13.3.1/thumb/v7e-m+dp/hard/crti.o
                0x08008828                _fini
 .fini          0x0800882c        0x8 /Applications/STM32CubeIDE.app/Contents/Eclipse/plugins/com.st.stm32cube.ide.mcu.externaltools.gnu-tools-for-stm32.13.3.rel1.macos64_1.0.100.202509120712/tools/bin/../lib/gcc/arm-none-eabi/13.3.1/thumb/v7e-m+dp/hard/crtn.o
                0x08008834                        . = ALIGN (0x4)
                0x08008834                        _etext = .

.vfp11_veneer   0x08008834        0x0
 .vfp11_veneer  0x08008834        0x0 linker stubs

.v4_bx          0x08008834        0x0
 .v4_bx         0x08008834        0x0 linker stubs

.iplt           0x08008834        0x0
 .iplt          0x08008834        0x0 /Applications/STM32CubeIDE.app/Contents/Eclipse/plugins/com.st.stm32cube.ide.mcu.externaltools.gnu-tools-for-stm32.13.3.rel1.macos64_1.0.100.202509120712/tools/bin/../lib/gcc/arm-none-eabi/13.3.1/thumb/v7e-m+dp/hard/crtbegin.o

.rodata         0x08008838      0x390
                0x08008838                        . = ALIGN (0x4)
 *(.rodata)
 .rodata        0x08008838       0xb2 ./Core/Src/main.o
 *(.rodata*)
 *fill*         0x080088ea        0x2 
 .rodata.D1CorePrescTable
                0x080088ec       0x10 ./Core/Src/system_stm32h7xx.o
                0x080088ec                D1CorePrescTable
 .rodata.UARTPrescTable
                0x080088fc       0x18 ./Drivers/STM32H7xx_HAL_Driver/Src/stm32h7xx_hal_uart.o
                0x080088fc                UARTPrescTable
 .rodata.numerator.1
                0x08008914        0x8 ./Drivers/STM32H7xx_HAL_Driver/Src/stm32h7xx_hal_uart_ex.o
 .rodata.denominator.0
                0x0800891c        0x8 ./Drivers/STM32H7xx_HAL_Driver/Src/stm32h7xx_hal_uart_ex.o
 .rodata._svfprintf_r.str1.1
                0x08008924       0x33 /Applications/STM32CubeIDE.app/Contents/Eclipse/plugins/com.st.stm32cube.ide.mcu.externaltools.gnu-tools-for-stm32.13.3.rel1.macos64_1.0.100.202509120712/tools/bin/../lib/gcc/arm-none-eabi/13.3.1/../../../../arm-none-eabi/lib/thumb/v7e-m+dp/hard/libc_nano.a(libc_a-nano-svfprintf.o)
                                 0x11 (size before relaxing)
 .rodata._printf_i.str1.1
                0x08008957        0x0 /Applications/STM32CubeIDE.app/Contents/Eclipse/plugins/com.st.stm32cube.ide.mcu.externaltools.gnu-tools-for-stm32.13.3.rel1.macos64_1.0.100.202509120712/tools/bin/../lib/gcc/arm-none-eabi/13.3.1/../../../../arm-none-eabi/lib/thumb/v7e-m+dp/hard/libc_nano.a(libc_a-nano-vfprintf_i.o)
                                 0x22 (size before relaxing)
 *fill*         0x08008957        0x1 
 .rodata.__exp2f_data
                0x08008958      0x148 /Applications/STM32CubeIDE.app/Contents/Eclipse/plugins/com.st.stm32cube.ide.mcu.externaltools.gnu-tools-for-stm32.13.3.rel1.macos64_1.0.100.202509120712/tools/bin/../lib/gcc/arm-none-eabi/13.3.1/../../../../arm-none-eabi/lib/thumb/v7e-m+dp/hard/libm.a(libm_a-sf_exp2_data.o)
                0x08008958                __exp2f_data
 .rodata.__powf_log2_data
                0x08008aa0      0x128 /Applications/STM32CubeIDE.app/Contents/Eclipse/plugins/com.st.stm32cube.ide.mcu.externaltools.gnu-tools-for-stm32.13.3.rel1.macos64_1.0.100.202509120712/tools/bin/../lib/gcc/arm-none-eabi/13.3.1/../../../../arm-none-eabi/lib/thumb/v7e-m+dp/hard/libm.a(libm_a-sf_pow_log2_data.o)
                0x08008aa0                __powf_log2_data
                0x08008bc8                        . = ALIGN (0x4)

.ARM.extab
 *(.ARM.extab* .gnu.linkonce.armextab.*)

.ARM            0x08008bc8        0x8
                0x08008bc8                        __exidx_start = .
 *(.ARM.exidx*)
 .ARM.exidx     0x08008bc8        0x8 /Applications/STM32CubeIDE.app/Contents/Eclipse/plugins/com.st.stm32cube.ide.mcu.externaltools.gnu-tools-for-stm32.13.3.rel1.macos64_1.0.100.202509120712/tools/bin/../lib/gcc/arm-none-eabi/13.3.1/../../../../arm-none-eabi/lib/thumb/v7e-m+dp/hard/libc_nano.a(libc_a-strlen.o)
 .ARM.exidx     0x08008bd0        0x0 /Applications/STM32CubeIDE.app/Contents/Eclipse/plugins/com.st.stm32cube.ide.mcu.externaltools.gnu-tools-for-stm32.13.3.rel1.macos64_1.0.100.202509120712/tools/bin/../lib/gcc/arm-none-eabi/13.3.1/../../../../arm-none-eabi/lib/thumb/v7e-m+dp/hard/libc_nano.a(libc_a-memchr.o)
                                  0x8 (size before relaxing)
 .ARM.exidx     0x08008bd0        0x0 /Applications/STM32CubeIDE.app/Contents/Eclipse/plugins/com.st.stm32cube.ide.mcu.externaltools.gnu-tools-for-stm32.13.3.rel1.macos64_1.0.100.202509120712/tools/bin/../lib/gcc/arm-none-eabi/13.3.1/thumb/v7e-m+dp/hard/libgcc.a(_udivmoddi4.o)
                                  0x8 (size before relaxing)
                0x08008bd0                        __exidx_end = .

.preinit_array  0x08008bd0        0x0
                0x08008bd0                        PROVIDE (__preinit_array_start = .)
 *(.preinit_array*)
                0x08008bd0                        PROVIDE (__preinit_array_end = .)

.init_array     0x08008bd0        0x4
                0x08008bd0                        PROVIDE (__init_array_start = .)
 *(SORT_BY_NAME(.init_array.*))
 *(.init_array*)
 .init_array    0x08008bd0        0x4 /Applications/STM32CubeIDE.app/Contents/Eclipse/plugins/com.st.stm32cube.ide.mcu.externaltools.gnu-tools-for-stm32.13.3.rel1.macos64_1.0.100.202509120712/tools/bin/../lib/gcc/arm-none-eabi/13.3.1/thumb/v7e-m+dp/hard/crtbegin.o
                0x08008bd4                        PROVIDE (__init_array_end = .)

.fini_array     0x08008bd4        0x4
                [!provide]                        PROVIDE (__fini_array_start = .)
 *(SORT_BY_NAME(.fini_array.*))
 *(.fini_array*)
 .fini_array    0x08008bd4        0x4 /Applications/STM32CubeIDE.app/Contents/Eclipse/plugins/com.st.stm32cube.ide.mcu.externaltools.gnu-tools-for-stm32.13.3.rel1.macos64_1.0.100.202509120712/tools/bin/../lib/gcc/arm-none-eabi/13.3.1/thumb/v7e-m+dp/hard/crtbegin.o
                [!provide]                        PROVIDE (__fini_array_end = .)
                0x08008bd8                        _sidata = LOADADDR (.data)

.rel.dyn        0x08008bd8        0x0
 .rel.iplt      0x08008bd8        0x0 /Applications/STM32CubeIDE.app/Contents/Eclipse/plugins/com.st.stm32cube.ide.mcu.externaltools.gnu-tools-for-stm32.13.3.rel1.macos64_1.0.100.202509120712/tools/bin/../lib/gcc/arm-none-eabi/13.3.1/thumb/v7e-m+dp/hard/crtbegin.o

.data           0x24000000       0x78 load address 0x08008bd8
                0x24000000                        . = ALIGN (0x4)
                0x24000000                        _sdata = .
 *(.data)
 *(.data*)
 .data.Stat     0x24000000        0x1 ./Core/Src/FATFS_SD.o
 *fill*         0x24000001        0x3 
 .data.SystemCoreClock
                0x24000004        0x4 ./Core/Src/system_stm32h7xx.o
                0x24000004                SystemCoreClock
 .data.SystemD2Clock
                0x24000008        0x4 ./Core/Src/system_stm32h7xx.o
                0x24000008                SystemD2Clock
 .data.uwTickPrio
                0x2400000c        0x4 ./Drivers/STM32H7xx_HAL_Driver/Src/stm32h7xx_hal.o
                0x2400000c                uwTickPrio
 .data.uwTickFreq
                0x24000010        0x1 ./Drivers/STM32H7xx_HAL_Driver/Src/stm32h7xx_hal.o
                0x24000010                uwTickFreq
 *fill*         0x24000011        0x3 
 .data.USER_Driver
                0x24000014       0x14 ./FATFS/Target/user_diskio.o
                0x24000014                USER_Driver
 .data._impure_ptr
                0x24000028        0x4 /Applications/STM32CubeIDE.app/Contents/Eclipse/plugins/com.st.stm32cube.ide.mcu.externaltools.gnu-tools-for-stm32.13.3.rel1.macos64_1.0.100.202509120712/tools/bin/../lib/gcc/arm-none-eabi/13.3.1/../../../../arm-none-eabi/lib/thumb/v7e-m+dp/hard/libc_nano.a(libc_a-impure.o)
                0x24000028                _impure_ptr
 .data._impure_data
                0x2400002c       0x4c /Applications/STM32CubeIDE.app/Contents/Eclipse/plugins/com.st.stm32cube.ide.mcu.externaltools.gnu-tools-for-stm32.13.3.rel1.macos64_1.0.100.202509120712/tools/bin/../lib/gcc/arm-none-eabi/13.3.1/../../../../arm-none-eabi/lib/thumb/v7e-m+dp/hard/libc_nano.a(libc_a-impure.o)
                0x2400002c                _impure_data
 *(.RamFunc)
 *(.RamFunc*)
                0x24000078                        . = ALIGN (0x4)
                0x24000078                        _edata = .

.igot.plt       0x24000078        0x0 load address 0x08008c50
 .igot.plt      0x24000078        0x0 /Applications/STM32CubeIDE.app/Contents/Eclipse/plugins/com.st.stm32cube.ide.mcu.externaltools.gnu-tools-for-stm32.13.3.rel1.macos64_1.0.100.202509120712/tools/bin/../lib/gcc/arm-none-eabi/13.3.1/thumb/v7e-m+dp/hard/crtbegin.o
                0x24000078                        . = ALIGN (0x4)

.bss            0x24000078      0x390 load address 0x08008c50
                0x24000078                        _sbss = .
                0x24000078                        __bss_start__ = _sbss
 *(.bss)
 .bss           0x24000078       0x1c /Applications/STM32CubeIDE.app/Contents/Eclipse/plugins/com.st.stm32cube.ide.mcu.externaltools.gnu-tools-for-stm32.13.3.rel1.macos64_1.0.100.202509120712/tools/bin/../lib/gcc/arm-none-eabi/13.3.1/thumb/v7e-m+dp/hard/crtbegin.o
 *(.bss*)
 .bss.Timer1    0x24000094        0x2 ./Core/Src/FATFS_SD.o
                0x24000094                Timer1
 .bss.Timer2    0x24000096        0x2 ./Core/Src/FATFS_SD.o
                0x24000096                Timer2
 .bss.CardType  0x24000098        0x1 ./Core/Src/FATFS_SD.o
 .bss.PowerFlag
                0x24000099        0x1 ./Core/Src/FATFS_SD.o
 *fill*         0x2400009a        0x2 
 .bss.hspi1     0x2400009c       0x88 ./Core/Src/main.o
                0x2400009c                hspi1
 .bss.huart3    0x24000124       0x94 ./Core/Src/main.o
                0x24000124                huart3
 .bss.telemetry
                0x240001b8       0x4c ./Core/Src/main.o
                0x240001b8                telemetry
 .bss.pressure  0x24000204        0x4 ./Core/Src/main.o
                0x24000204                pressure
 .bss.temperature
                0x24000208        0x4 ./Core/Src/main.o
                0x24000208                temperature
 .bss.altitude  0x2400020c        0x4 ./Core/Src/main.o
                0x2400020c                altitude
 .bss.whoami    0x24000210        0x1 ./Core/Src/main.o
                0x24000210                whoami
 .bss.status_reg
                0x24000211        0x1 ./Core/Src/main.o
                0x24000211                status_reg
 .bss.ctrl_reg1
                0x24000212        0x1 ./Core/Src/main.o
                0x24000212                ctrl_reg1
 *fill*         0x24000213        0x1 
 .bss.read_counter
                0x24000214        0x4 ./Core/Src/main.o
                0x24000214                read_counter
 .bss.uart_buffer
                0x24000218       0x80 ./Core/Src/main.o
                0x24000218                uart_buffer
 .bss.LPS22HH_port
                0x24000298        0x4 ./Core/Src/sensors.o
                0x24000298                LPS22HH_port
 .bss.LPS22HH_pin
                0x2400029c        0x2 ./Core/Src/sensors.o
                0x2400029c                LPS22HH_pin
 *fill*         0x2400029e        0x2 
 .bss.LPS22HH_hspi
                0x240002a0        0x4 ./Core/Src/sensors.o
                0x240002a0                LPS22HH_hspi
 .bss.__sbrk_heap_end
                0x240002a4        0x4 ./Core/Src/sysmem.o
 .bss.uwTick    0x240002a8        0x4 ./Drivers/STM32H7xx_HAL_Driver/Src/stm32h7xx_hal.o
                0x240002a8                uwTick
 .bss.retUSER   0x240002ac        0x1 ./FATFS/App/fatfs.o
                0x240002ac                retUSER
 *fill*         0x240002ad        0x3 
 .bss.USERPath  0x240002b0        0x4 ./FATFS/App/fatfs.o
                0x240002b0                USERPath
 .bss.disk      0x240002b4        0xc ./Middlewares/Third_Party/FatFs/src/ff_gen_drv.o
                0x240002b4                disk
 .bss.__sf      0x240002c0      0x138 /Applications/STM32CubeIDE.app/Contents/Eclipse/plugins/com.st.stm32cube.ide.mcu.externaltools.gnu-tools-for-stm32.13.3.rel1.macos64_1.0.100.202509120712/tools/bin/../lib/gcc/arm-none-eabi/13.3.1/../../../../arm-none-eabi/lib/thumb/v7e-m+dp/hard/libc_nano.a(libc_a-findfp.o)
                0x240002c0                __sf
 .bss.__lock___malloc_recursive_mutex
                0x240003f8        0x1 /Applications/STM32CubeIDE.app/Contents/Eclipse/plugins/com.st.stm32cube.ide.mcu.externaltools.gnu-tools-for-stm32.13.3.rel1.macos64_1.0.100.202509120712/tools/bin/../lib/gcc/arm-none-eabi/13.3.1/../../../../arm-none-eabi/lib/thumb/v7e-m+dp/hard/libc_nano.a(libc_a-lock.o)
                0x240003f8                __lock___malloc_recursive_mutex
 *fill*         0x240003f9        0x3 
 .bss.__malloc_sbrk_start
                0x240003fc        0x4 /Applications/STM32CubeIDE.app/Contents/Eclipse/plugins/com.st.stm32cube.ide.mcu.externaltools.gnu-tools-for-stm32.13.3.rel1.macos64_1.0.100.202509120712/tools/bin/../lib/gcc/arm-none-eabi/13.3.1/../../../../arm-none-eabi/lib/thumb/v7e-m+dp/hard/libc_nano.a(libc_a-mallocr.o)
                0x240003fc                __malloc_sbrk_start
 .bss.__malloc_free_list
                0x24000400        0x4 /Applications/STM32CubeIDE.app/Contents/Eclipse/plugins/com.st.stm32cube.ide.mcu.externaltools.gnu-tools-for-stm32.13.3.rel1.macos64_1.0.100.202509120712/tools/bin/../lib/gcc/arm-none-eabi/13.3.1/../../../../arm-none-eabi/lib/thumb/v7e-m+dp/hard/libc_nano.a(libc_a-mallocr.o)
                0x24000400                __malloc_free_list
 .bss.errno     0x24000404        0x4 /Applications/STM32CubeIDE.app/Contents/Eclipse/plugins/com.st.stm32cube.ide.mcu.externaltools.gnu-tools-for-stm32.13.3.rel1.macos64_1.0.100.202509120712/tools/bin/../lib/gcc/arm-none-eabi/13.3.1/../../../../arm-none-eabi/lib/thumb/v7e-m+dp/hard/libc_nano.a(libc_a-reent.o)
                0x24000404                errno
 *(COMMON)
                0x24000408                        . = ALIGN (0x4)
                0x24000408                        _ebss = .
                0x24000408                        __bss_end__ = _ebss

._user_heap_stack
                0x24000408      0x600 load address 0x08008c50
                0x24000408                        . = ALIGN (0x8)
                [!provide]                        PROVIDE (end = .)
                0x24000408                        PROVIDE (_end = .)
                0x24000608                        . = (. + _Min_Heap_Size)
 *fill*         0x24000408      0x200 
                0x24000a08                        . = (. + _Min_Stack_Size)
 *fill*         0x24000608      0x400 
                0x24000a08                        . = ALIGN (0x8)

/DISCARD/
 libc.a(*)
 libm.a(*)
 libgcc.a(*)

.ARM.attributes
                0x00000000       0x2e
 *(.ARM.attributes)
 .ARM.attributes
                0x00000000       0x20 /Applications/STM32CubeIDE.app/Contents/Eclipse/plugins/com.st.stm32cube.ide.mcu.externaltools.gnu-tools-for-stm32.13.3.rel1.macos64_1.0.100.202509120712/tools/bin/../lib/gcc/arm-none-eabi/13.3.1/thumb/v7e-m+dp/hard/crti.o
 .ARM.attributes
                0x00000020       0x32 /Applications/STM32CubeIDE.app/Contents/Eclipse/plugins/com.st.stm32cube.ide.mcu.externaltools.gnu-tools-for-stm32.13.3.rel1.macos64_1.0.100.202509120712/tools/bin/../lib/gcc/arm-none-eabi/13.3.1/thumb/v7e-m+dp/hard/crtbegin.o
 .ARM.attributes
                0x00000052       0x32 ./Core/Src/FATFS_SD.o
 .ARM.attributes
                0x00000084       0x32 ./Core/Src/main.o
 .ARM.attributes
                0x000000b6       0x32 ./Core/Src/sensors.o
 .ARM.attributes
                0x000000e8       0x32 ./Core/Src/stm32h7xx_hal_msp.o
 .ARM.attributes
                0x0000011a       0x32 ./Core/Src/stm32h7xx_it.o
 .ARM.attributes
                0x0000014c       0x32 ./Core/Src/sysmem.o
 .ARM.attributes
                0x0000017e       0x32 ./Core/Src/system_stm32h7xx.o
 .ARM.attributes
                0x000001b0       0x21 ./Core/Startup/startup_stm32h743vgtx.o
 .ARM.attributes
                0x000001d1       0x32 ./Drivers/STM32H7xx_HAL_Driver/Src/stm32h7xx_hal.o
 .ARM.attributes
                0x00000203       0x32 ./Drivers/STM32H7xx_HAL_Driver/Src/stm32h7xx_hal_cortex.o
 .ARM.attributes
                0x00000235       0x32 ./Drivers/STM32H7xx_HAL_Driver/Src/stm32h7xx_hal_gpio.o
 .ARM.attributes
                0x00000267       0x32 ./Drivers/STM32H7xx_HAL_Driver/Src/stm32h7xx_hal_pwr_ex.o
 .ARM.attributes
                0x00000299       0x32 ./Drivers/STM32H7xx_HAL_Driver/Src/stm32h7xx_hal_rcc.o
 .ARM.attributes
                0x000002cb       0x32 ./Drivers/STM32H7xx_HAL_Driver/Src/stm32h7xx_hal_rcc_ex.o
 .ARM.attributes
                0x000002fd       0x32 ./Drivers/STM32H7xx_HAL_Driver/Src/stm32h7xx_hal_spi.o
 .ARM.attributes
                0x0000032f       0x32 ./Drivers/STM32H7xx_HAL_Driver/Src/stm32h7xx_hal_uart.o
 .ARM.attributes
                0x00000361       0x32 ./Drivers/STM32H7xx_HAL_Driver/Src/stm32h7xx_hal_uart_ex.o
 .ARM.attributes
                0x00000393       0x32 ./FATFS/App/fatfs.o
 .ARM.attributes
                0x000003c5       0x32 ./FATFS/Target/user_diskio.o
 .ARM.attributes
                0x000003f7       0x32 ./Middlewares/Third_Party/FatFs/src/ff_gen_drv.o
 .ARM.attributes
                0x00000429       0x32 /Applications/STM32CubeIDE.app/Contents/Eclipse/plugins/com.st.stm32cube.ide.mcu.externaltools.gnu-tools-for-stm32.13.3.rel1.macos64_1.0.100.202509120712/tools/bin/../lib/gcc/arm-none-eabi/13.3.1/../../../../arm-none-eabi/lib/thumb/v7e-m+dp/hard/libc_nano.a(libc_a-sprintf.o)
 .ARM.attributes
                0x0000045b       0x32 /Applications/STM32CubeIDE.app/Contents/Eclipse/plugins/com.st.stm32cube.ide.mcu.externaltools.gnu-tools-for-stm32.13.3.rel1.macos64_1.0.100.202509120712/tools/bin/../lib/gcc/arm-none-eabi/13.3.1/../../../../arm-none-eabi/lib/thumb/v7e-m+dp/hard/libc_nano.a(libc_a-findfp.o)
 .ARM.attributes
                0x0000048d       0x32 /Applications/STM32CubeIDE.app/Contents/Eclipse/plugins/com.st.stm32cube.ide.mcu.externaltools.gnu-tools-for-stm32.13.3.rel1.macos64_1.0.100.202509120712/tools/bin/../lib/gcc/arm-none-eabi/13.3.1/../../../../arm-none-eabi/lib/thumb/v7e-m+dp/hard/libc_nano.a(libc_a-memset.o)
 .ARM.attributes
                0x000004bf       0x32 /Applications/STM32CubeIDE.app/Contents/Eclipse/plugins/com.st.stm32cube.ide.mcu.externaltools.gnu-tools-for-stm32.13.3.rel1.macos64_1.0.100.202509120712/tools/bin/../lib/gcc/arm-none-eabi/13.3.1/../../../../arm-none-eabi/lib/thumb/v7e-m+dp/hard/libc_nano.a(libc_a-errno.o)
 .ARM.attributes
                0x000004f1       0x32 /Applications/STM32CubeIDE.app/Contents/Eclipse/plugins/com.st.stm32cube.ide.mcu.externaltools.gnu-tools-for-stm32.13.3.rel1.macos64_1.0.100.202509120712/tools/bin/../lib/gcc/arm-none-eabi/13.3.1/../../../../arm-none-eabi/lib/thumb/v7e-m+dp/hard/libc_nano.a(libc_a-init.o)
 .ARM.attributes
                0x00000523       0x32 /Applications/STM32CubeIDE.app/Contents/Eclipse/plugins/com.st.stm32cube.ide.mcu.externaltools.gnu-tools-for-stm32.13.3.rel1.macos64_1.0.100.202509120712/tools/bin/../lib/gcc/arm-none-eabi/13.3.1/../../../../arm-none-eabi/lib/thumb/v7e-m+dp/hard/libc_nano.a(libc_a-lock.o)
 .ARM.attributes
                0x00000555       0x32 /Applications/STM32CubeIDE.app/Contents/Eclipse/plugins/com.st.stm32cube.ide.mcu.externaltools.gnu-tools-for-stm32.13.3.rel1.macos64_1.0.100.202509120712/tools/bin/../lib/gcc/arm-none-eabi/13.3.1/../../../../arm-none-eabi/lib/thumb/v7e-m+dp/hard/libc_nano.a(libc_a-impure.o)
 .ARM.attributes
                0x00000587       0x17 /Applications/STM32CubeIDE.app/Contents/Eclipse/plugins/com.st.stm32cube.ide.mcu.externaltools.gnu-tools-for-stm32.13.3.rel1.macos64_1.0.100.202509120712/tools/bin/../lib/gcc/arm-none-eabi/13.3.1/../../../../arm-none-eabi/lib/thumb/v7e-m+dp/hard/libc_nano.a(libc_a-strlen.o)
 .ARM.attributes
                0x0000059e       0x32 /Applications/STM32CubeIDE.app/Contents/Eclipse/plugins/com.st.stm32cube.ide.mcu.externaltools.gnu-tools-for-stm32.13.3.rel1.macos64_1.0.100.202509120712/tools/bin/../lib/gcc/arm-none-eabi/13.3.1/../../../../arm-none-eabi/lib/thumb/v7e-m+dp/hard/libc_nano.a(libc_a-nano-svfprintf.o)
 .ARM.attributes
                0x000005d0       0x32 /Applications/STM32CubeIDE.app/Contents/Eclipse/plugins/com.st.stm32cube.ide.mcu.externaltools.gnu-tools-for-stm32.13.3.rel1.macos64_1.0.100.202509120712/tools/bin/../lib/gcc/arm-none-eabi/13.3.1/../../../../arm-none-eabi/lib/thumb/v7e-m+dp/hard/libc_nano.a(libc_a-mallocr.o)
 .ARM.attributes
                0x00000602       0x32 /Applications/STM32CubeIDE.app/Contents/Eclipse/plugins/com.st.stm32cube.ide.mcu.externaltools.gnu-tools-for-stm32.13.3.rel1.macos64_1.0.100.202509120712/tools/bin/../lib/gcc/arm-none-eabi/13.3.1/../../../../arm-none-eabi/lib/thumb/v7e-m+dp/hard/libc_nano.a(libc_a-nano-vfprintf_i.o)
 .ARM.attributes
                0x00000634       0x32 /Applications/STM32CubeIDE.app/Contents/Eclipse/plugins/com.st.stm32cube.ide.mcu.externaltools.gnu-tools-for-stm32.13.3.rel1.macos64_1.0.100.202509120712/tools/bin/../lib/gcc/arm-none-eabi/13.3.1/../../../../arm-none-eabi/lib/thumb/v7e-m+dp/hard/libc_nano.a(libc_a-mlock.o)
 .ARM.attributes
                0x00000666       0x32 /Applications/STM32CubeIDE.app/Contents/Eclipse/plugins/com.st.stm32cube.ide.mcu.externaltools.gnu-tools-for-stm32.13.3.rel1.macos64_1.0.100.202509120712/tools/bin/../lib/gcc/arm-none-eabi/13.3.1/../../../../arm-none-eabi/lib/thumb/v7e-m+dp/hard/libc_nano.a(libc_a-reallocr.o)
 .ARM.attributes
                0x00000698       0x32 /Applications/STM32CubeIDE.app/Contents/Eclipse/plugins/com.st.stm32cube.ide.mcu.externaltools.gnu-tools-for-stm32.13.3.rel1.macos64_1.0.100.202509120712/tools/bin/../lib/gcc/arm-none-eabi/13.3.1/../../../../arm-none-eabi/lib/thumb/v7e-m+dp/hard/libc_nano.a(libc_a-memmove.o)
 .ARM.attributes
                0x000006ca       0x32 /Applications/STM32CubeIDE.app/Contents/Eclipse/plugins/com.st.stm32cube.ide.mcu.externaltools.gnu-tools-for-stm32.13.3.rel1.macos64_1.0.100.202509120712/tools/bin/../lib/gcc/arm-none-eabi/13.3.1/../../../../arm-none-eabi/lib/thumb/v7e-m+dp/hard/libc_nano.a(libc_a-sbrkr.o)
 .ARM.attributes
                0x000006fc       0x32 /Applications/STM32CubeIDE.app/Contents/Eclipse/plugins/com.st.stm32cube.ide.mcu.externaltools.gnu-tools-for-stm32.13.3.rel1.macos64_1.0.100.202509120712/tools/bin/../lib/gcc/arm-none-eabi/13.3.1/../../../../arm-none-eabi/lib/thumb/v7e-m+dp/hard/libc_nano.a(libc_a-reent.o)
 .ARM.attributes
                0x0000072e       0x1c /Applications/STM32CubeIDE.app/Contents/Eclipse/plugins/com.st.stm32cube.ide.mcu.externaltools.gnu-tools-for-stm32.13.3.rel1.macos64_1.0.100.202509120712/tools/bin/../lib/gcc/arm-none-eabi/13.3.1/../../../../arm-none-eabi/lib/thumb/v7e-m+dp/hard/libc_nano.a(libc_a-memchr.o)
 .ARM.attributes
                0x0000074a       0x32 /Applications/STM32CubeIDE.app/Contents/Eclipse/plugins/com.st.stm32cube.ide.mcu.externaltools.gnu-tools-for-stm32.13.3.rel1.macos64_1.0.100.202509120712/tools/bin/../lib/gcc/arm-none-eabi/13.3.1/../../../../arm-none-eabi/lib/thumb/v7e-m+dp/hard/libc_nano.a(libc_a-memcpy-stub.o)
 .ARM.attributes
                0x0000077c       0x32 /Applications/STM32CubeIDE.app/Contents/Eclipse/plugins/com.st.stm32cube.ide.mcu.externaltools.gnu-tools-for-stm32.13.3.rel1.macos64_1.0.100.202509120712/tools/bin/../lib/gcc/arm-none-eabi/13.3.1/../../../../arm-none-eabi/lib/thumb/v7e-m+dp/hard/libc_nano.a(libc_a-freer.o)
 .ARM.attributes
                0x000007ae       0x32 /Applications/STM32CubeIDE.app/Contents/Eclipse/plugins/com.st.stm32cube.ide.mcu.externaltools.gnu-tools-for-stm32.13.3.rel1.macos64_1.0.100.202509120712/tools/bin/../lib/gcc/arm-none-eabi/13.3.1/../../../../arm-none-eabi/lib/thumb/v7e-m+dp/hard/libc_nano.a(libc_a-msizer.o)
 .ARM.attributes
                0x000007e0       0x32 /Applications/STM32CubeIDE.app/Contents/Eclipse/plugins/com.st.stm32cube.ide.mcu.externaltools.gnu-tools-for-stm32.13.3.rel1.macos64_1.0.100.202509120712/tools/bin/../lib/gcc/arm-none-eabi/13.3.1/../../../../arm-none-eabi/lib/thumb/v7e-m+dp/hard/libm.a(libm_a-sf_pow.o)
 .ARM.attributes
                0x00000812       0x32 /Applications/STM32CubeIDE.app/Contents/Eclipse/plugins/com.st.stm32cube.ide.mcu.externaltools.gnu-tools-for-stm32.13.3.rel1.macos64_1.0.100.202509120712/tools/bin/../lib/gcc/arm-none-eabi/13.3.1/../../../../arm-none-eabi/lib/thumb/v7e-m+dp/hard/libm.a(libm_a-math_errf.o)
 .ARM.attributes
                0x00000844       0x32 /Applications/STM32CubeIDE.app/Contents/Eclipse/plugins/com.st.stm32cube.ide.mcu.externaltools.gnu-tools-for-stm32.13.3.rel1.macos64_1.0.100.202509120712/tools/bin/../lib/gcc/arm-none-eabi/13.3.1/../../../../arm-none-eabi/lib/thumb/v7e-m+dp/hard/libm.a(libm_a-sf_exp2_data.o)
 .ARM.attributes
                0x00000876       0x32 /Applications/STM32CubeIDE.app/Contents/Eclipse/plugins/com.st.stm32cube.ide.mcu.externaltools.gnu-tools-for-stm32.13.3.rel1.macos64_1.0.100.202509120712/tools/bin/../lib/gcc/arm-none-eabi/13.3.1/../../../../arm-none-eabi/lib/thumb/v7e-m+dp/hard/libm.a(libm_a-sf_pow_log2_data.o)
 .ARM.attributes
                0x000008a8       0x20 /Applications/STM32CubeIDE.app/Contents/Eclipse/plugins/com.st.stm32cube.ide.mcu.externaltools.gnu-tools-for-stm32.13.3.rel1.macos64_1.0.100.202509120712/tools/bin/../lib/gcc/arm-none-eabi/13.3.1/thumb/v7e-m+dp/hard/libgcc.a(_aeabi_uldivmod.o)
 .ARM.attributes
                0x000008c8       0x32 /Applications/STM32CubeIDE.app/Contents/Eclipse/plugins/com.st.stm32cube.ide.mcu.externaltools.gnu-tools-for-stm32.13.3.rel1.macos64_1.0.100.202509120712/tools/bin/../lib/gcc/arm-none-eabi/13.3.1/thumb/v7e-m+dp/hard/libgcc.a(_udivmoddi4.o)
 .ARM.attributes
                0x000008fa       0x20 /Applications/STM32CubeIDE.app/Contents/Eclipse/plugins/com.st.stm32cube.ide.mcu.externaltools.gnu-tools-for-stm32.13.3.rel1.macos64_1.0.100.202509120712/tools/bin/../lib/gcc/arm-none-eabi/13.3.1/thumb/v7e-m+dp/hard/libgcc.a(_dvmd_tls.o)
 .ARM.attributes
                0x0000091a       0x20 /Applications/STM32CubeIDE.app/Contents/Eclipse/plugins/com.st.stm32cube.ide.mcu.externaltools.gnu-tools-for-stm32.13.3.rel1.macos64_1.0.100.202509120712/tools/bin/../lib/gcc/arm-none-eabi/13.3.1/thumb/v7e-m+dp/hard/crtn.o
OUTPUT(flight-code.elf elf32-littlearm)
LOAD linker stubs
LOAD /Applications/STM32CubeIDE.app/Contents/Eclipse/plugins/com.st.stm32cube.ide.mcu.externaltools.gnu-tools-for-stm32.13.3.rel1.macos64_1.0.100.202509120712/tools/bin/../lib/gcc/arm-none-eabi/13.3.1/../../../../arm-none-eabi/lib/thumb/v7e-m+dp/hard/libc.a
LOAD /Applications/STM32CubeIDE.app/Contents/Eclipse/plugins/com.st.stm32cube.ide.mcu.externaltools.gnu-tools-for-stm32.13.3.rel1.macos64_1.0.100.202509120712/tools/bin/../lib/gcc/arm-none-eabi/13.3.1/../../../../arm-none-eabi/lib/thumb/v7e-m+dp/hard/libm.a
LOAD /Applications/STM32CubeIDE.app/Contents/Eclipse/plugins/com.st.stm32cube.ide.mcu.externaltools.gnu-tools-for-stm32.13.3.rel1.macos64_1.0.100.202509120712/tools/bin/../lib/gcc/arm-none-eabi/13.3.1/thumb/v7e-m+dp/hard/libgcc.a

.debug_info     0x00000000    0x13f1f
 .debug_info    0x00000000      0xe02 ./Core/Src/FATFS_SD.o
 .debug_info    0x00000e02     0x1b89 ./Core/Src/main.o
 .debug_info    0x0000298b      0xd04 ./Core/Src/sensors.o
 .debug_info    0x0000368f     0x1aa2 ./Core/Src/stm32h7xx_hal_msp.o
 .debug_info    0x00005131      0x154 ./Core/Src/stm32h7xx_it.o
 .debug_info    0x00005285      0x168 ./Core/Src/sysmem.o
 .debug_info    0x000053ed      0xcef ./Core/Src/system_stm32h7xx.o
 .debug_info    0x000060dc       0x30 ./Core/Startup/startup_stm32h743vgtx.o
 .debug_info    0x0000610c     0x153b ./Drivers/STM32H7xx_HAL_Driver/Src/stm32h7xx_hal.o
 .debug_info    0x00007647     0x10ac ./Drivers/STM32H7xx_HAL_Driver/Src/stm32h7xx_hal_cortex.o
 .debug_info    0x000086f3      0xc4b ./Drivers/STM32H7xx_HAL_Driver/Src/stm32h7xx_hal_gpio.o
 .debug_info    0x0000933e     0x1008 ./Drivers/STM32H7xx_HAL_Driver/Src/stm32h7xx_hal_pwr_ex.o
 .debug_info    0x0000a346      0xe5b ./Drivers/STM32H7xx_HAL_Driver/Src/stm32h7xx_hal_rcc.o
 .debug_info    0x0000b1a1     0x1216 ./Drivers/STM32H7xx_HAL_Driver/Src/stm32h7xx_hal_rcc_ex.o
 .debug_info    0x0000c3b7     0x1440 ./Drivers/STM32H7xx_HAL_Driver/Src/stm32h7xx_hal_spi.o
 .debug_info    0x0000d7f7     0x4b13 ./Drivers/STM32H7xx_HAL_Driver/Src/stm32h7xx_hal_uart.o
 .debug_info    0x0001230a      0xfbf ./Drivers/STM32H7xx_HAL_Driver/Src/stm32h7xx_hal_uart_ex.o
 .debug_info    0x000132c9      0x516 ./FATFS/App/fatfs.o
 .debug_info    0x000137df      0x3b3 ./FATFS/Target/user_diskio.o
 .debug_info    0x00013b92      0x38d ./Middlewares/Third_Party/FatFs/src/ff_gen_drv.o

.debug_abbrev   0x00000000     0x2a3a
 .debug_abbrev  0x00000000      0x2ea ./Core/Src/FATFS_SD.o
 .debug_abbrev  0x000002ea      0x34e ./Core/Src/main.o
 .debug_abbrev  0x00000638      0x21e ./Core/Src/sensors.o
 .debug_abbrev  0x00000856      0x27c ./Core/Src/stm32h7xx_hal_msp.o
 .debug_abbrev  0x00000ad2       0x97 ./Core/Src/stm32h7xx_it.o
 .debug_abbrev  0x00000b69       0xbc ./Core/Src/sysmem.o
 .debug_abbrev  0x00000c25      0x14c ./Core/Src/system_stm32h7xx.o
 .debug_abbrev  0x00000d71       0x24 ./Core/Startup/startup_stm32h743vgtx.o
 .debug_abbrev  0x00000d95      0x295 ./Drivers/STM32H7xx_HAL_Driver/Src/stm32h7xx_hal.o
 .debug_abbrev  0x0000102a      0x339 ./Drivers/STM32H7xx_HAL_Driver/Src/stm32h7xx_hal_cortex.o
 .debug_abbrev  0x00001363      0x1fe ./Drivers/STM32H7xx_HAL_Driver/Src/stm32h7xx_hal_gpio.o
 .debug_abbrev  0x00001561      0x2a7 ./Drivers/STM32H7xx_HAL_Driver/Src/stm32h7xx_hal_pwr_ex.o
 .debug_abbrev  0x00001808      0x2c8 ./Drivers/STM32H7xx_HAL_Driver/Src/stm32h7xx_hal_rcc.o
 .debug_abbrev  0x00001ad0      0x269 ./Drivers/STM32H7xx_HAL_Driver/Src/stm32h7xx_hal_rcc_ex.o
 .debug_abbrev  0x00001d39      0x2b1 ./Drivers/STM32H7xx_HAL_Driver/Src/stm32h7xx_hal_spi.o
 .debug_abbrev  0x00001fea      0x33d ./Drivers/STM32H7xx_HAL_Driver/Src/stm32h7xx_hal_uart.o
 .debug_abbrev  0x00002327      0x2d2 ./Drivers/STM32H7xx_HAL_Driver/Src/stm32h7xx_hal_uart_ex.o
 .debug_abbrev  0x000025f9      0x15e ./FATFS/App/fatfs.o
 .debug_abbrev  0x00002757      0x144 ./FATFS/Target/user_diskio.o
 .debug_abbrev  0x0000289b      0x19f ./Middlewares/Third_Party/FatFs/src/ff_gen_drv.o

.debug_aranges  0x00000000      0xdd8
 .debug_aranges
                0x00000000       0xa8 ./Core/Src/FATFS_SD.o
 .debug_aranges
                0x000000a8       0x68 ./Core/Src/main.o
 .debug_aranges
                0x00000110       0x70 ./Core/Src/sensors.o
 .debug_aranges
                0x00000180       0x50 ./Core/Src/stm32h7xx_hal_msp.o
 .debug_aranges
                0x000001d0       0x60 ./Core/Src/stm32h7xx_it.o
 .debug_aranges
                0x00000230       0x20 ./Core/Src/sysmem.o
 .debug_aranges
                0x00000250       0x28 ./Core/Src/system_stm32h7xx.o
 .debug_aranges
                0x00000278       0x28 ./Core/Startup/startup_stm32h743vgtx.o
 .debug_aranges
                0x000002a0      0x198 ./Drivers/STM32H7xx_HAL_Driver/Src/stm32h7xx_hal.o
 .debug_aranges
                0x00000438      0x130 ./Drivers/STM32H7xx_HAL_Driver/Src/stm32h7xx_hal_cortex.o
 .debug_aranges
                0x00000568       0x58 ./Drivers/STM32H7xx_HAL_Driver/Src/stm32h7xx_hal_gpio.o
 .debug_aranges
                0x000005c0      0x158 ./Drivers/STM32H7xx_HAL_Driver/Src/stm32h7xx_hal_pwr_ex.o
 .debug_aranges
                0x00000718       0x88 ./Drivers/STM32H7xx_HAL_Driver/Src/stm32h7xx_hal_rcc.o
 .debug_aranges
                0x000007a0       0xf8 ./Drivers/STM32H7xx_HAL_Driver/Src/stm32h7xx_hal_rcc_ex.o
 .debug_aranges
                0x00000898      0x1a8 ./Drivers/STM32H7xx_HAL_Driver/Src/stm32h7xx_hal_spi.o
 .debug_aranges
                0x00000a40      0x248 ./Drivers/STM32H7xx_HAL_Driver/Src/stm32h7xx_hal_uart.o
 .debug_aranges
                0x00000c88       0xa8 ./Drivers/STM32H7xx_HAL_Driver/Src/stm32h7xx_hal_uart_ex.o
 .debug_aranges
                0x00000d30       0x28 ./FATFS/App/fatfs.o
 .debug_aranges
                0x00000d58       0x40 ./FATFS/Target/user_diskio.o
 .debug_aranges
                0x00000d98       0x40 ./Middlewares/Third_Party/FatFs/src/ff_gen_drv.o

.debug_rnglists
                0x00000000      0xa8f
 .debug_rnglists
                0x00000000       0x80 ./Core/Src/FATFS_SD.o
 .debug_rnglists
                0x00000080       0x4e ./Core/Src/main.o
 .debug_rnglists
                0x000000ce       0x50 ./Core/Src/sensors.o
 .debug_rnglists
                0x0000011e       0x3b ./Core/Src/stm32h7xx_hal_msp.o
 .debug_rnglists
                0x00000159       0x43 ./Core/Src/stm32h7xx_it.o
 .debug_rnglists
                0x0000019c       0x13 ./Core/Src/sysmem.o
 .debug_rnglists
                0x000001af       0x1b ./Core/Src/system_stm32h7xx.o
 .debug_rnglists
                0x000001ca       0x19 ./Core/Startup/startup_stm32h743vgtx.o
 .debug_rnglists
                0x000001e3      0x131 ./Drivers/STM32H7xx_HAL_Driver/Src/stm32h7xx_hal.o
 .debug_rnglists
                0x00000314       0xe0 ./Drivers/STM32H7xx_HAL_Driver/Src/stm32h7xx_hal_cortex.o
 .debug_rnglists
                0x000003f4       0x3f ./Drivers/STM32H7xx_HAL_Driver/Src/stm32h7xx_hal_gpio.o
 .debug_rnglists
                0x00000433      0x103 ./Drivers/STM32H7xx_HAL_Driver/Src/stm32h7xx_hal_pwr_ex.o
 .debug_rnglists
                0x00000536       0x68 ./Drivers/STM32H7xx_HAL_Driver/Src/stm32h7xx_hal_rcc.o
 .debug_rnglists
                0x0000059e       0xc0 ./Drivers/STM32H7xx_HAL_Driver/Src/stm32h7xx_hal_rcc_ex.o
 .debug_rnglists
                0x0000065e      0x148 ./Drivers/STM32H7xx_HAL_Driver/Src/stm32h7xx_hal_spi.o
 .debug_rnglists
                0x000007a6      0x1fa ./Drivers/STM32H7xx_HAL_Driver/Src/stm32h7xx_hal_uart.o
 .debug_rnglists
                0x000009a0       0x7f ./Drivers/STM32H7xx_HAL_Driver/Src/stm32h7xx_hal_uart_ex.o
 .debug_rnglists
                0x00000a1f       0x19 ./FATFS/App/fatfs.o
 .debug_rnglists
                0x00000a38       0x2b ./FATFS/Target/user_diskio.o
 .debug_rnglists
                0x00000a63       0x2c ./Middlewares/Third_Party/FatFs/src/ff_gen_drv.o

.debug_macro    0x00000000    0x37ff5
 .debug_macro   0x00000000      0x313 ./Core/Src/FATFS_SD.o
 .debug_macro   0x00000313      0xaf0 ./Core/Src/FATFS_SD.o
 .debug_macro   0x00000e03      0x23e ./Core/Src/FATFS_SD.o
 .debug_macro   0x00001041       0x2e ./Core/Src/FATFS_SD.o
 .debug_macro   0x0000106f       0x3b ./Core/Src/FATFS_SD.o
 .debug_macro   0x000010aa       0x22 ./Core/Src/FATFS_SD.o
 .debug_macro   0x000010cc       0x8e ./Core/Src/FATFS_SD.o
 .debug_macro   0x0000115a       0x51 ./Core/Src/FATFS_SD.o
 .debug_macro   0x000011ab      0x103 ./Core/Src/FATFS_SD.o
 .debug_macro   0x000012ae       0x6a ./Core/Src/FATFS_SD.o
 .debug_macro   0x00001318      0x1df ./Core/Src/FATFS_SD.o
 .debug_macro   0x000014f7       0x1c ./Core/Src/FATFS_SD.o
 .debug_macro   0x00001513       0x22 ./Core/Src/FATFS_SD.o
 .debug_macro   0x00001535       0xfb ./Core/Src/FATFS_SD.o
 .debug_macro   0x00001630     0x1305 ./Core/Src/FATFS_SD.o
 .debug_macro   0x00002935      0x11f ./Core/Src/FATFS_SD.o
 .debug_macro   0x00002a54       0x27 ./Core/Src/FATFS_SD.o
 .debug_macro   0x00002a7b    0x258f9 ./Core/Src/FATFS_SD.o
 .debug_macro   0x00028374       0x6d ./Core/Src/FATFS_SD.o
 .debug_macro   0x000283e1     0x3d79 ./Core/Src/FATFS_SD.o
 .debug_macro   0x0002c15a      0x190 ./Core/Src/FATFS_SD.o
 .debug_macro   0x0002c2ea       0x61 ./Core/Src/FATFS_SD.o
 .debug_macro   0x0002c34b       0x29 ./Core/Src/FATFS_SD.o
 .debug_macro   0x0002c374       0x43 ./Core/Src/FATFS_SD.o
 .debug_macro   0x0002c3b7       0x34 ./Core/Src/FATFS_SD.o
 .debug_macro   0x0002c3eb      0x370 ./Core/Src/FATFS_SD.o
 .debug_macro   0x0002c75b       0x16 ./Core/Src/FATFS_SD.o
 .debug_macro   0x0002c771       0x4a ./Core/Src/FATFS_SD.o
 .debug_macro   0x0002c7bb       0x34 ./Core/Src/FATFS_SD.o
 .debug_macro   0x0002c7ef       0x10 ./Core/Src/FATFS_SD.o
 .debug_macro   0x0002c7ff       0x58 ./Core/Src/FATFS_SD.o
 .debug_macro   0x0002c857       0x8e ./Core/Src/FATFS_SD.o
 .debug_macro   0x0002c8e5       0x1c ./Core/Src/FATFS_SD.o
 .debug_macro   0x0002c901      0x185 ./Core/Src/FATFS_SD.o
 .debug_macro   0x0002ca86      0x19b ./Core/Src/FATFS_SD.o
 .debug_macro   0x0002cc21       0x5d ./Core/Src/FATFS_SD.o
 .debug_macro   0x0002cc7e     0x2382 ./Core/Src/FATFS_SD.o
 .debug_macro   0x0002f000     0x102c ./Core/Src/FATFS_SD.o
 .debug_macro   0x0003002c      0x154 ./Core/Src/FATFS_SD.o
 .debug_macro   0x00030180      0x114 ./Core/Src/FATFS_SD.o
 .debug_macro   0x00030294      0x3b6 ./Core/Src/FATFS_SD.o
 .debug_macro   0x0003064a       0xac ./Core/Src/FATFS_SD.o
 .debug_macro   0x000306f6      0x72d ./Core/Src/FATFS_SD.o
 .debug_macro   0x00030e23      0x228 ./Core/Src/FATFS_SD.o
 .debug_macro   0x0003104b       0x66 ./Core/Src/FATFS_SD.o
 .debug_macro   0x000310b1      0x3bb ./Core/Src/FATFS_SD.o
 .debug_macro   0x0003146c      0x3e4 ./Core/Src/FATFS_SD.o
 .debug_macro   0x00031850      0x275 ./Core/Src/FATFS_SD.o
 .debug_macro   0x00031ac5      0x3ca ./Core/Src/FATFS_SD.o
 .debug_macro   0x00031e8f      0x408 ./Core/Src/FATFS_SD.o
 .debug_macro   0x00032297       0x51 ./Core/Src/FATFS_SD.o
 .debug_macro   0x000322e8       0x4a ./Core/Src/FATFS_SD.o
 .debug_macro   0x00032332      0x22c ./Core/Src/FATFS_SD.o
 .debug_macro   0x0003255e       0x67 ./Core/Src/FATFS_SD.o
 .debug_macro   0x000325c5       0xa5 ./Core/Src/FATFS_SD.o
 .debug_macro   0x0003266a      0x1c4 ./Core/Src/FATFS_SD.o
 .debug_macro   0x0003282e      0x25e ./Core/Src/FATFS_SD.o
 .debug_macro   0x00032a8c       0x35 ./Core/Src/FATFS_SD.o
 .debug_macro   0x00032ac1      0x5e4 ./Core/Src/FATFS_SD.o
 .debug_macro   0x000330a5       0xc1 ./Core/Src/FATFS_SD.o
 .debug_macro   0x00033166      0x693 ./Core/Src/FATFS_SD.o
 .debug_macro   0x000337f9       0xa6 ./Core/Src/FATFS_SD.o
 .debug_macro   0x0003389f      0x293 ./Core/Src/FATFS_SD.o
 .debug_macro   0x00033b32       0x90 ./Core/Src/FATFS_SD.o
 .debug_macro   0x00033bc2      0x5a0 ./Core/Src/FATFS_SD.o
 .debug_macro   0x00034162       0xba ./Core/Src/FATFS_SD.o
 .debug_macro   0x0003421c       0x16 ./Core/Src/FATFS_SD.o
 .debug_macro   0x00034232       0x7c ./Core/Src/FATFS_SD.o
 .debug_macro   0x000342ae       0x9a ./Core/Src/FATFS_SD.o
 .debug_macro   0x00034348      0x3dc ./Core/Src/main.o
 .debug_macro   0x00034724       0xeb ./Core/Src/main.o
 .debug_macro   0x0003480f       0x16 ./Core/Src/main.o
 .debug_macro   0x00034825       0x16 ./Core/Src/main.o
 .debug_macro   0x0003483b       0x29 ./Core/Src/main.o
 .debug_macro   0x00034864       0x12 ./Core/Src/main.o
 .debug_macro   0x00034876       0xe2 ./Core/Src/main.o
 .debug_macro   0x00034958       0x8e ./Core/Src/main.o
 .debug_macro   0x000349e6       0x16 ./Core/Src/main.o
 .debug_macro   0x000349fc       0x1c ./Core/Src/main.o
 .debug_macro   0x00034a18       0x10 ./Core/Src/main.o
 .debug_macro   0x00034a28       0x1c ./Core/Src/main.o
 .debug_macro   0x00034a44       0x16 ./Core/Src/main.o
 .debug_macro   0x00034a5a      0x146 ./Core/Src/main.o
 .debug_macro   0x00034ba0      0x2e9 ./Core/Src/sensors.o
 .debug_macro   0x00034e89      0x2e0 ./Core/Src/stm32h7xx_hal_msp.o
 .debug_macro   0x00035169      0x2ea ./Core/Src/stm32h7xx_it.o
 .debug_macro   0x00035453      0x112 ./Core/Src/sysmem.o
 .debug_macro   0x00035565      0x23c ./Core/Src/sysmem.o
 .debug_macro   0x000357a1      0x2d1 ./Core/Src/system_stm32h7xx.o
 .debug_macro   0x00035a72      0x2fb ./Drivers/STM32H7xx_HAL_Driver/Src/stm32h7xx_hal.o
 .debug_macro   0x00035d6d      0x2d1 ./Drivers/STM32H7xx_HAL_Driver/Src/stm32h7xx_hal_cortex.o
 .debug_macro   0x0003603e      0x2d8 ./Drivers/STM32H7xx_HAL_Driver/Src/stm32h7xx_hal_gpio.o
 .debug_macro   0x00036316      0x30a ./Drivers/STM32H7xx_HAL_Driver/Src/stm32h7xx_hal_pwr_ex.o
 .debug_macro   0x00036620      0x2f5 ./Drivers/STM32H7xx_HAL_Driver/Src/stm32h7xx_hal_rcc.o
 .debug_macro   0x00036915      0x2ef ./Drivers/STM32H7xx_HAL_Driver/Src/stm32h7xx_hal_rcc_ex.o
 .debug_macro   0x00036c04      0x2d9 ./Drivers/STM32H7xx_HAL_Driver/Src/stm32h7xx_hal_spi.o
 .debug_macro   0x00036edd      0x2fc ./Drivers/STM32H7xx_HAL_Driver/Src/stm32h7xx_hal_uart.o
 .debug_macro   0x000371d9      0x2dd ./Drivers/STM32H7xx_HAL_Driver/Src/stm32h7xx_hal_uart_ex.o
 .debug_macro   0x000374b6      0x36d ./FATFS/App/fatfs.o
 .debug_macro   0x00037823       0xe5 ./FATFS/App/fatfs.o
 .debug_macro   0x00037908      0x393 ./FATFS/Target/user_diskio.o
 .debug_macro   0x00037c9b      0x35a ./Middlewares/Third_Party/FatFs/src/ff_gen_drv.o

.debug_line     0x00000000    0x13f7a
 .debug_line    0x00000000     0x1014 ./Core/Src/FATFS_SD.o
 .debug_line    0x00001014      0xced ./Core/Src/main.o
 .debug_line    0x00001d01      0xa0d ./Core/Src/sensors.o
 .debug_line    0x0000270e      0xa7e ./Core/Src/stm32h7xx_hal_msp.o
 .debug_line    0x0000318c      0x985 ./Core/Src/stm32h7xx_it.o
 .debug_line    0x00003b11      0x52b ./Core/Src/sysmem.o
 .debug_line    0x0000403c      0xa82 ./Core/Src/system_stm32h7xx.o
 .debug_line    0x00004abe       0x7a ./Core/Startup/startup_stm32h743vgtx.o
 .debug_line    0x00004b38      0xe9c ./Drivers/STM32H7xx_HAL_Driver/Src/stm32h7xx_hal.o
 .debug_line    0x000059d4      0xe86 ./Drivers/STM32H7xx_HAL_Driver/Src/stm32h7xx_hal_cortex.o
 .debug_line    0x0000685a      0xd25 ./Drivers/STM32H7xx_HAL_Driver/Src/stm32h7xx_hal_gpio.o
 .debug_line    0x0000757f     0x1020 ./Drivers/STM32H7xx_HAL_Driver/Src/stm32h7xx_hal_pwr_ex.o
 .debug_line    0x0000859f     0x1543 ./Drivers/STM32H7xx_HAL_Driver/Src/stm32h7xx_hal_rcc.o
 .debug_line    0x00009ae2     0x1dcb ./Drivers/STM32H7xx_HAL_Driver/Src/stm32h7xx_hal_rcc_ex.o
 .debug_line    0x0000b8ad     0x2217 ./Drivers/STM32H7xx_HAL_Driver/Src/stm32h7xx_hal_spi.o
 .debug_line    0x0000dac4     0x38e4 ./Drivers/STM32H7xx_HAL_Driver/Src/stm32h7xx_hal_uart.o
 .debug_line    0x000113a8      0xe32 ./Drivers/STM32H7xx_HAL_Driver/Src/stm32h7xx_hal_uart_ex.o
 .debug_line    0x000121da      0x988 ./FATFS/App/fatfs.o
 .debug_line    0x00012b62      0xa07 ./FATFS/Target/user_diskio.o
 .debug_line    0x00013569      0xa11 ./Middlewares/Third_Party/FatFs/src/ff_gen_drv.o

.debug_str      0x00000000   0x15cc49
 .debug_str     0x00000000   0x15cc49 ./Core/Src/FATFS_SD.o
                             0x1572a7 (size before relaxing)
 .debug_str     0x0015cc49        0x0 ./Core/Src/main.o
                             0x15867a (size before relaxing)
 .debug_str     0x0015cc49        0x0 ./Core/Src/sensors.o
                             0x157056 (size before relaxing)
 .debug_str     0x0015cc49        0x0 ./Core/Src/stm32h7xx_hal_msp.o
                             0x1579ff (size before relaxing)
 .debug_str     0x0015cc49        0x0 ./Core/Src/stm32h7xx_it.o
                             0x1567dd (size before relaxing)
 .debug_str     0x0015cc49        0x0 ./Core/Src/sysmem.o
                               0x77d8 (size before relaxing)
 .debug_str     0x0015cc49        0x0 ./Core/Src/system_stm32h7xx.o
                             0x156995 (size before relaxing)
 .debug_str     0x0015cc49        0x0 ./Core/Startup/startup_stm32h743vgtx.o
                                 0x91 (size before relaxing)
 .debug_str     0x0015cc49        0x0 ./Drivers/STM32H7xx_HAL_Driver/Src/stm32h7xx_hal.o
                             0x1578ab (size before relaxing)
 .debug_str     0x0015cc49        0x0 ./Drivers/STM32H7xx_HAL_Driver/Src/stm32h7xx_hal_cortex.o
                             0x1572e6 (size before relaxing)
 .debug_str     0x0015cc49        0x0 ./Drivers/STM32H7xx_HAL_Driver/Src/stm32h7xx_hal_gpio.o
                             0x15694c (size before relaxing)
 .debug_str     0x0015cc49        0x0 ./Drivers/STM32H7xx_HAL_Driver/Src/stm32h7xx_hal_pwr_ex.o
                             0x156e0d (size before relaxing)
 .debug_str     0x0015cc49        0x0 ./Drivers/STM32H7xx_HAL_Driver/Src/stm32h7xx_hal_rcc.o
                             0x156d30 (size before relaxing)
 .debug_str     0x0015cc49        0x0 ./Drivers/STM32H7xx_HAL_Driver/Src/stm32h7xx_hal_rcc_ex.o
                             0x157211 (size before relaxing)
 .debug_str     0x0015cc49        0x0 ./Drivers/STM32H7xx_HAL_Driver/Src/stm32h7xx_hal_spi.o
                             0x157054 (size before relaxing)
 .debug_str     0x0015cc49        0x0 ./Drivers/STM32H7xx_HAL_Driver/Src/stm32h7xx_hal_uart.o
                             0x157871 (size before relaxing)
 .debug_str     0x0015cc49        0x0 ./Drivers/STM32H7xx_HAL_Driver/Src/stm32h7xx_hal_uart_ex.o
                             0x156e31 (size before relaxing)
 .debug_str     0x0015cc49        0x0 ./FATFS/App/fatfs.o
                             0x15700f (size before relaxing)
 .debug_str     0x0015cc49        0x0 ./FATFS/Target/user_diskio.o
                             0x157141 (size before relaxing)
 .debug_str     0x0015cc49        0x0 ./Middlewares/Third_Party/FatFs/src/ff_gen_drv.o
                             0x156f5c (size before relaxing)

.comment        0x00000000       0x43
 .comment       0x00000000       0x43 ./Core/Src/FATFS_SD.o
                                 0x44 (size before relaxing)
 .comment       0x00000043        0x0 ./Core/Src/main.o
                                 0x44 (size before relaxing)
 .comment       0x00000043        0x0 ./Core/Src/sensors.o
                                 0x44 (size before relaxing)
 .comment       0x00000043        0x0 ./Core/Src/stm32h7xx_hal_msp.o
                                 0x44 (size before relaxing)
 .comment       0x00000043        0x0 ./Core/Src/stm32h7xx_it.o
                                 0x44 (size before relaxing)
 .comment       0x00000043        0x0 ./Core/Src/sysmem.o
                                 0x44 (size before relaxing)
 .comment       0x00000043        0x0 ./Core/Src/system_stm32h7xx.o
                                 0x44 (size before relaxing)
 .comment       0x00000043        0x0 ./Drivers/STM32H7xx_HAL_Driver/Src/stm32h7xx_hal.o
                                 0x44 (size before relaxing)
 .comment       0x00000043        0x0 ./Drivers/STM32H7xx_HAL_Driver/Src/stm32h7xx_hal_cortex.o
                                 0x44 (size before relaxing)
 .comment       0x00000043        0x0 ./Drivers/STM32H7xx_HAL_Driver/Src/stm32h7xx_hal_gpio.o
                                 0x44 (size before relaxing)
 .comment       0x00000043        0x0 ./Drivers/STM32H7xx_HAL_Driver/Src/stm32h7xx_hal_pwr_ex.o
                                 0x44 (size before relaxing)
 .comment       0x00000043        0x0 ./Drivers/STM32H7xx_HAL_Driver/Src/stm32h7xx_hal_rcc.o
                                 0x44 (size before relaxing)
 .comment       0x00000043        0x0 ./Drivers/STM32H7xx_HAL_Driver/Src/stm32h7xx_hal_rcc_ex.o
                                 0x44 (size before relaxing)
 .comment       0x00000043        0x0 ./Drivers/STM32H7xx_HAL_Driver/Src/stm32h7xx_hal_spi.o
                                 0x44 (size before relaxing)
 .comment       0x00000043        0x0 ./Drivers/STM32H7xx_HAL_Driver/Src/stm32h7xx_hal_uart.o
                                 0x44 (size before relaxing)
 .comment       0x00000043        0x0 ./Drivers/STM32H7xx_HAL_Driver/Src/stm32h7xx_hal_uart_ex.o
                                 0x44 (size before relaxing)
 .comment       0x00000043        0x0 ./FATFS/App/fatfs.o
                                 0x44 (size before relaxing)
 .comment       0x00000043        0x0 ./FATFS/Target/user_diskio.o
                                 0x44 (size before relaxing)
 .comment       0x00000043        0x0 ./Middlewares/Third_Party/FatFs/src/ff_gen_drv.o
                                 0x44 (size before relaxing)

.debug_frame    0x00000000     0x3e78