../Core/Src/rfm9x.c:51:20:SPI_SwitchToMode0_Save	4	static
../Core/Src/rfm9x.c:72:20:SPI_RestoreMode	4	static
../Core/Src/rfm9x.c:92:13:cs_select_rfm9x	8	static
../Core/Src/rfm9x.c:97:13:cs_deselect_rfm9x	8	static
../Core/Src/rfm9x.c:102:13:write_reg	24	static
../Core/Src/rfm9x.c:113:16:read_reg	32	static
../Core/Src/rfm9x.c:127:6:RFM9X_Reset	8	static
../Core/Src/rfm9x.c:137:6:RFM9X_Init	24	static
../Core/Src/rfm9x.c:210:6:RFM9X_SetFrequency	40	static
../Core/Src/rfm9x.c:225:6:RFM9X_SetTxPower	16	static
../Core/Src/rfm9x.c:237:6:RFM9X_Send	24	static
../Core/Src/rfm9x.c:270:6:RFM9X_Poll	16	static
../Core/Src/rfm9x.c:294:9:RFM9X_IsTxBusy	4	static
../Core/Src/rfm9x.c:301:9:RFM9X_Receive	32	static
