../Core/Src/rfm9x.c:50:20:SPI2_SwitchToMode0_Save	4	static
../Core/Src/rfm9x.c:69:20:SPI2_RestoreMode	4	static
../Core/Src/rfm9x.c:87:13:cs_select_rfm9x	8	static
../Core/Src/rfm9x.c:92:13:cs_deselect_rfm9x	8	static
../Core/Src/rfm9x.c:97:13:write_reg	24	static
../Core/Src/rfm9x.c:108:16:read_reg	32	static
../Core/Src/rfm9x.c:122:6:RFM9X_Reset	8	static
../Core/Src/rfm9x.c:132:6:RFM9X_Init	24	static
../Core/Src/rfm9x.c:205:6:RFM9X_SetFrequency	32	static
../Core/Src/rfm9x.c:216:6:RFM9X_SetTxPower	16	static
../Core/Src/rfm9x.c:224:6:RFM9X_Send	24	static
../Core/Src/rfm9x.c:257:6:RFM9X_Poll	16	static
../Core/Src/rfm9x.c:281:9:RFM9X_IsTxBusy	4	static
../Core/Src/rfm9x.c:288:9:RFM9X_Receive	32	static
